Archive member included to satisfy reference by file (symbol)

/Applications/STM32CubeIDE.app/Contents/Eclipse/plugins/com.st.stm32cube.ide.mcu.externaltools.gnu-tools-for-stm32.9-2020-q2-update.macos64_2.0.0.202105311346/tools/bin/../lib/gcc/arm-none-eabi/9.3.1/../../../../arm-none-eabi/lib/thumb/v7e-m+fp/hard/libstdc++_nano.a(del_op.o)
                              ./Core/Src/main.o (operator delete(void*))
/Applications/STM32CubeIDE.app/Contents/Eclipse/plugins/com.st.stm32cube.ide.mcu.externaltools.gnu-tools-for-stm32.9-2020-q2-update.macos64_2.0.0.202105311346/tools/bin/../lib/gcc/arm-none-eabi/9.3.1/../../../../arm-none-eabi/lib/thumb/v7e-m+fp/hard/libstdc++_nano.a(new_op.o)
                              ./Core/Src/main.o (operator new(unsigned int))
/Applications/STM32CubeIDE.app/Contents/Eclipse/plugins/com.st.stm32cube.ide.mcu.externaltools.gnu-tools-for-stm32.9-2020-q2-update.macos64_2.0.0.202105311346/tools/bin/../lib/gcc/arm-none-eabi/9.3.1/../../../../arm-none-eabi/lib/thumb/v7e-m+fp/hard/libstdc++_nano.a(allocator-inst.o)
                              ./Core/Src/main.o (std::allocator<char>::allocator())
/Applications/STM32CubeIDE.app/Contents/Eclipse/plugins/com.st.stm32cube.ide.mcu.externaltools.gnu-tools-for-stm32.9-2020-q2-update.macos64_2.0.0.202105311346/tools/bin/../lib/gcc/arm-none-eabi/9.3.1/../../../../arm-none-eabi/lib/thumb/v7e-m+fp/hard/libstdc++_nano.a(functexcept.o)
                              ./Core/Src/main.o (std::__throw_bad_alloc())
/Applications/STM32CubeIDE.app/Contents/Eclipse/plugins/com.st.stm32cube.ide.mcu.externaltools.gnu-tools-for-stm32.9-2020-q2-update.macos64_2.0.0.202105311346/tools/bin/../lib/gcc/arm-none-eabi/9.3.1/../../../../arm-none-eabi/lib/thumb/v7e-m+fp/hard/libstdc++_nano.a(snprintf_lite.o)
                              /Applications/STM32CubeIDE.app/Contents/Eclipse/plugins/com.st.stm32cube.ide.mcu.externaltools.gnu-tools-for-stm32.9-2020-q2-update.macos64_2.0.0.202105311346/tools/bin/../lib/gcc/arm-none-eabi/9.3.1/../../../../arm-none-eabi/lib/thumb/v7e-m+fp/hard/libstdc++_nano.a(functexcept.o) (__gnu_cxx::__snprintf_lite(char*, unsigned int, char const*, std::__va_list))
/Applications/STM32CubeIDE.app/Contents/Eclipse/plugins/com.st.stm32cube.ide.mcu.externaltools.gnu-tools-for-stm32.9-2020-q2-update.macos64_2.0.0.202105311346/tools/bin/../lib/gcc/arm-none-eabi/9.3.1/../../../../arm-none-eabi/lib/thumb/v7e-m+fp/hard/libstdc++_nano.a(new_handler.o)
                              /Applications/STM32CubeIDE.app/Contents/Eclipse/plugins/com.st.stm32cube.ide.mcu.externaltools.gnu-tools-for-stm32.9-2020-q2-update.macos64_2.0.0.202105311346/tools/bin/../lib/gcc/arm-none-eabi/9.3.1/../../../../arm-none-eabi/lib/thumb/v7e-m+fp/hard/libstdc++_nano.a(new_op.o) (std::get_new_handler())
/Applications/STM32CubeIDE.app/Contents/Eclipse/plugins/com.st.stm32cube.ide.mcu.externaltools.gnu-tools-for-stm32.9-2020-q2-update.macos64_2.0.0.202105311346/tools/bin/../lib/gcc/arm-none-eabi/9.3.1/../../../../arm-none-eabi/lib/thumb/v7e-m+fp/hard/libm.a(lib_a-w_pow.o)
                              ./Core/Src/converter.o (pow)
/Applications/STM32CubeIDE.app/Contents/Eclipse/plugins/com.st.stm32cube.ide.mcu.externaltools.gnu-tools-for-stm32.9-2020-q2-update.macos64_2.0.0.202105311346/tools/bin/../lib/gcc/arm-none-eabi/9.3.1/../../../../arm-none-eabi/lib/thumb/v7e-m+fp/hard/libm.a(lib_a-e_pow.o)
                              /Applications/STM32CubeIDE.app/Contents/Eclipse/plugins/com.st.stm32cube.ide.mcu.externaltools.gnu-tools-for-stm32.9-2020-q2-update.macos64_2.0.0.202105311346/tools/bin/../lib/gcc/arm-none-eabi/9.3.1/../../../../arm-none-eabi/lib/thumb/v7e-m+fp/hard/libm.a(lib_a-w_pow.o) (__ieee754_pow)
/Applications/STM32CubeIDE.app/Contents/Eclipse/plugins/com.st.stm32cube.ide.mcu.externaltools.gnu-tools-for-stm32.9-2020-q2-update.macos64_2.0.0.202105311346/tools/bin/../lib/gcc/arm-none-eabi/9.3.1/../../../../arm-none-eabi/lib/thumb/v7e-m+fp/hard/libm.a(lib_a-e_sqrt.o)
                              /Applications/STM32CubeIDE.app/Contents/Eclipse/plugins/com.st.stm32cube.ide.mcu.externaltools.gnu-tools-for-stm32.9-2020-q2-update.macos64_2.0.0.202105311346/tools/bin/../lib/gcc/arm-none-eabi/9.3.1/../../../../arm-none-eabi/lib/thumb/v7e-m+fp/hard/libm.a(lib_a-e_pow.o) (__ieee754_sqrt)
/Applications/STM32CubeIDE.app/Contents/Eclipse/plugins/com.st.stm32cube.ide.mcu.externaltools.gnu-tools-for-stm32.9-2020-q2-update.macos64_2.0.0.202105311346/tools/bin/../lib/gcc/arm-none-eabi/9.3.1/../../../../arm-none-eabi/lib/thumb/v7e-m+fp/hard/libm.a(lib_a-s_fabs.o)
                              /Applications/STM32CubeIDE.app/Contents/Eclipse/plugins/com.st.stm32cube.ide.mcu.externaltools.gnu-tools-for-stm32.9-2020-q2-update.macos64_2.0.0.202105311346/tools/bin/../lib/gcc/arm-none-eabi/9.3.1/../../../../arm-none-eabi/lib/thumb/v7e-m+fp/hard/libm.a(lib_a-e_pow.o) (fabs)
[...]
Memory Configuration

Name             Origin             Length             Attributes
CCMRAM           0x0000000010000000 0x0000000000010000 xrw
RAM              0x0000000020000000 0x0000000000020000 xrw
FLASH            0x0000000008000000 0x0000000000080000 xr
*default*        0x0000000000000000 0xffffffffffffffff

Linker script and memory map

LOAD /Applications/STM32CubeIDE.app/Contents/Eclipse/plugins/com.st.stm32cube.ide.mcu.externaltools.gnu-tools-for-stm32.9-2020-q2-update.macos64_2.0.0.202105311346/tools/bin/../lib/gcc/arm-none-eabi/9.3.1/thumb/v7e-m+fp/hard/crti.o
LOAD /Applications/STM32CubeIDE.app/Contents/Eclipse/plugins/com.st.stm32cube.ide.mcu.externaltools.gnu-tools-for-stm32.9-2020-q2-update.macos64_2.0.0.202105311346/tools/bin/../lib/gcc/arm-none-eabi/9.3.1/thumb/v7e-m+fp/hard/crtbegin.o
LOAD /Applications/STM32CubeIDE.app/Contents/Eclipse/plugins/com.st.stm32cube.ide.mcu.externaltools.gnu-tools-for-stm32.9-2020-q2-update.macos64_2.0.0.202105311346/tools/bin/../lib/gcc/arm-none-eabi/9.3.1/../../../../arm-none-eabi/lib/thumb/v7e-m+fp/hard/crt0.o
LOAD ./Core/Src/converter.o
LOAD ./Core/Src/freertos.o
LOAD ./Core/Src/main.o
LOAD ./Core/Src/motorDriver.o
LOAD ./Core/Src/parseDataCommand.o
LOAD ./Core/Src/servoDriver.o
LOAD ./Core/Src/settings.o
LOAD ./Core/Src/stm32f4xx_hal_msp.o
LOAD ./Core/Src/stm32f4xx_hal_timebase_tim.o
LOAD ./Core/Src/stm32f4xx_it.o
LOAD ./Core/Src/syscalls.o
LOAD ./Core/Src/sysmem.o
LOAD ./Core/Src/system_stm32f4xx.o
LOAD ./Core/Src/validateDataFrame.o
LOAD ./Core/Startup/startup_stm32f407vetx.o
LOAD ./Drivers/STM32F4xx_HAL_Driver/Src/stm32f4xx_hal.o
LOAD ./Drivers/STM32F4xx_HAL_Driver/Src/stm32f4xx_hal_adc.o
LOAD ./Drivers/STM32F4xx_HAL_Driver/Src/stm32f4xx_hal_adc_ex.o
LOAD ./Drivers/STM32F4xx_HAL_Driver/Src/stm32f4xx_hal_cortex.o
LOAD ./Drivers/STM32F4xx_HAL_Driver/Src/stm32f4xx_hal_dma.o
LOAD ./Drivers/STM32F4xx_HAL_Driver/Src/stm32f4xx_hal_dma_ex.o
LOAD ./Drivers/STM32F4xx_HAL_Driver/Src/stm32f4xx_hal_exti.o
LOAD ./Drivers/STM32F4xx_HAL_Driver/Src/stm32f4xx_hal_flash.o
LOAD ./Drivers/STM32F4xx_HAL_Driver/Src/stm32f4xx_hal_flash_ex.o
LOAD ./Drivers/STM32F4xx_HAL_Driver/Src/stm32f4xx_hal_flash_ramfunc.o
LOAD ./Drivers/STM32F4xx_HAL_Driver/Src/stm32f4xx_hal_gpio.o
LOAD ./Drivers/STM32F4xx_HAL_Driver/Src/stm32f4xx_hal_i2c.o
LOAD ./Drivers/STM32F4xx_HAL_Driver/Src/stm32f4xx_hal_i2c_ex.o
LOAD ./Drivers/STM32F4xx_HAL_Driver/Src/stm32f4xx_hal_iwdg.o
LOAD ./Drivers/STM32F4xx_HAL_Driver/Src/stm32f4xx_hal_pwr.o
LOAD ./Drivers/STM32F4xx_HAL_Driver/Src/stm32f4xx_hal_pwr_ex.o
LOAD ./Drivers/STM32F4xx_HAL_Driver/Src/stm32f4xx_hal_rcc.o
LOAD ./Drivers/STM32F4xx_HAL_Driver/Src/stm32f4xx_hal_rcc_ex.o
LOAD ./Drivers/STM32F4xx_HAL_Driver/Src/stm32f4xx_hal_tim.o
LOAD ./Drivers/STM32F4xx_HAL_Driver/Src/stm32f4xx_hal_tim_ex.o
LOAD ./Drivers/STM32F4xx_HAL_Driver/Src/stm32f4xx_hal_uart.o
LOAD ./Drivers/STM32F4xx_HAL_Driver/Src/stm32f4xx_ll_adc.o
LOAD ./Middlewares/Third_Party/FreeRTOS/Source/CMSIS_RTOS/cmsis_os.o
LOAD ./Middlewares/Third_Party/FreeRTOS/Source/croutine.o
LOAD ./Middlewares/Third_Party/FreeRTOS/Source/event_groups.o
LOAD ./Middlewares/Third_Party/FreeRTOS/Source/list.o
LOAD ./Middlewares/Third_Party/FreeRTOS/Source/queue.o
LOAD ./Middlewares/Third_Party/FreeRTOS/Source/stream_buffer.o
LOAD ./Middlewares/Third_Party/FreeRTOS/Source/tasks.o
LOAD ./Middlewares/Third_Party/FreeRTOS/Source/timers.o
LOAD ./Middlewares/Third_Party/FreeRTOS/Source/portable/GCC/ARM_CM4F/port.o
LOAD ./Middlewares/Third_Party/FreeRTOS/Source/portable/MemMang/heap_4.o
START GROUP
LOAD /Applications/STM32CubeIDE.app/Contents/Eclipse/plugins/com.st.stm32cube.ide.mcu.externaltools.gnu-tools-for-stm32.9-2020-q2-update.macos64_2.0.0.202105311346/tools/bin/../lib/gcc/arm-none-eabi/9.3.1/../../../../arm-none-eabi/lib/thumb/v7e-m+fp/hard/libstdc++_nano.a
LOAD /Applications/STM32CubeIDE.app/Contents/Eclipse/plugins/com.st.stm32cube.ide.mcu.externaltools.gnu-tools-for-stm32.9-2020-q2-update.macos64_2.0.0.202105311346/tools/bin/../lib/gcc/arm-none-eabi/9.3.1/../../../../arm-none-eabi/lib/thumb/v7e-m+fp/hard/libsupc++_nano.a
END GROUP
LOAD /Applications/STM32CubeIDE.app/Contents/Eclipse/plugins/com.st.stm32cube.ide.mcu.externaltools.gnu-tools-for-stm32.9-2020-q2-update.macos64_2.0.0.202105311346/tools/bin/../lib/gcc/arm-none-eabi/9.3.1/../../../../arm-none-eabi/lib/thumb/v7e-m+fp/hard/libstdc++_nano.a
LOAD /Applications/STM32CubeIDE.app/Contents/Eclipse/plugins/com.st.stm32cube.ide.mcu.externaltools.gnu-tools-for-stm32.9-2020-q2-update.macos64_2.0.0.202105311346/tools/bin/../lib/gcc/arm-none-eabi/9.3.1/../../../../arm-none-eabi/lib/thumb/v7e-m+fp/hard/libm.a
LOAD /Applications/STM32CubeIDE.app/Contents/Eclipse/plugins/com.st.stm32cube.ide.mcu.externaltools.gnu-tools-for-stm32.9-2020-q2-update.macos64_2.0.0.202105311346/tools/bin/../lib/gcc/arm-none-eabi/9.3.1/../../../../arm-none-eabi/lib/thumb/v7e-m+fp/hard/libc_nano.a
START GROUP
LOAD /Applications/STM32CubeIDE.app/Contents/Eclipse/plugins/com.st.stm32cube.ide.mcu.externaltools.gnu-tools-for-stm32.9-2020-q2-update.macos64_2.0.0.202105311346/tools/bin/../lib/gcc/arm-none-eabi/9.3.1/thumb/v7e-m+fp/hard/libgcc.a
LOAD /Applications/STM32CubeIDE.app/Contents/Eclipse/plugins/com.st.stm32cube.ide.mcu.externaltools.gnu-tools-for-stm32.9-2020-q2-update.macos64_2.0.0.202105311346/tools/bin/../lib/gcc/arm-none-eabi/9.3.1/../../../../arm-none-eabi/lib/thumb/v7e-m+fp/hard/libc_nano.a
END GROUP
START GROUP
LOAD /Applications/STM32CubeIDE.app/Contents/Eclipse/plugins/com.st.stm32cube.ide.mcu.externaltools.gnu-tools-for-stm32.9-2020-q2-update.macos64_2.0.0.202105311346/tools/bin/../lib/gcc/arm-none-eabi/9.3.1/thumb/v7e-m+fp/hard/libgcc.a
LOAD /Applications/STM32CubeIDE.app/Contents/Eclipse/plugins/com.st.stm32cube.ide.mcu.externaltools.gnu-tools-for-stm32.9-2020-q2-update.macos64_2.0.0.202105311346/tools/bin/../lib/gcc/arm-none-eabi/9.3.1/../../../../arm-none-eabi/lib/thumb/v7e-m+fp/hard/libc_nano.a
LOAD /Applications/STM32CubeIDE.app/Contents/Eclipse/plugins/com.st.stm32cube.ide.mcu.externaltools.gnu-tools-for-stm32.9-2020-q2-update.macos64_2.0.0.202105311346/tools/bin/../lib/gcc/arm-none-eabi/9.3.1/../../../../arm-none-eabi/lib/thumb/v7e-m+fp/hard/libnosys.a
END GROUP
START GROUP
LOAD /Applications/STM32CubeIDE.app/Contents/Eclipse/plugins/com.st.stm32cube.ide.mcu.externaltools.gnu-tools-for-stm32.9-2020-q2-update.macos64_2.0.0.202105311346/tools/bin/../lib/gcc/arm-none-eabi/9.3.1/thumb/v7e-m+fp/hard/libgcc.a
LOAD /Applications/STM32CubeIDE.app/Contents/Eclipse/plugins/com.st.stm32cube.ide.mcu.externaltools.gnu-tools-for-stm32.9-2020-q2-update.macos64_2.0.0.202105311346/tools/bin/../lib/gcc/arm-none-eabi/9.3.1/../../../../arm-none-eabi/lib/thumb/v7e-m+fp/hard/libc_nano.a
LOAD /Applications/STM32CubeIDE.app/Contents/Eclipse/plugins/com.st.stm32cube.ide.mcu.externaltools.gnu-tools-for-stm32.9-2020-q2-update.macos64_2.0.0.202105311346/tools/bin/../lib/gcc/arm-none-eabi/9.3.1/../../../../arm-none-eabi/lib/thumb/v7e-m+fp/hard/libnosys.a
END GROUP
LOAD /Applications/STM32CubeIDE.app/Contents/Eclipse/plugins/com.st.stm32cube.ide.mcu.externaltools.gnu-tools-for-stm32.9-2020-q2-update.macos64_2.0.0.202105311346/tools/bin/../lib/gcc/arm-none-eabi/9.3.1/thumb/v7e-m+fp/hard/crtend.o
LOAD /Applications/STM32CubeIDE.app/Contents/Eclipse/plugins/com.st.stm32cube.ide.mcu.externaltools.gnu-tools-for-stm32.9-2020-q2-update.macos64_2.0.0.202105311346/tools/bin/../lib/gcc/arm-none-eabi/9.3.1/thumb/v7e-m+fp/hard/crtn.o
                0x0000000020020000                _estack = (ORIGIN (RAM) + LENGTH (RAM))
                0x0000000000000200                _Min_Heap_Size = 0x200
                0x0000000000000400                _Min_Stack_Size = 0x400

.isr_vector     0x0000000008000000      0x188
                0x0000000008000000                . = ALIGN (0x4)
 *(.isr_vector)
 .isr_vector    0x0000000008000000      0x188 ./Core/Startup/startup_stm32f407vetx.o
                0x0000000008000000                g_pfnVectors
                0x0000000008000188                . = ALIGN (0x4)

.text           0x0000000008000190     0xc868
                0x0000000008000190                . = ALIGN (0x4)
 *(.text)
 .text          0x0000000008000190       0x40 /Applications/STM32CubeIDE.app/Contents/Eclipse/plugins/com.st.stm32cube.ide.mcu.externaltools.gnu-tools-for-stm32.9-2020-q2-update.macos64_2.0.0.202105311346/tools/bin/../lib/gcc/arm-none-eabi/9.3.1/thumb/v7e-m+fp/hard/crtbegin.o
 .text          0x00000000080001d0       0x10 /Applications/STM32CubeIDE.app/Contents/Eclipse/plugins/com.st.stm32cube.ide.mcu.externaltools.gnu-tools-for-stm32.9-2020-q2-update.macos64_2.0.0.202105311346/tools/bin/../lib/gcc/arm-none-eabi/9.3.1/../../../../arm-none-eabi/lib/thumb/v7e-m+fp/hard/libc_nano.a(lib_a-strlen.o)
                0x00000000080001d0                strlen
 .text          0x00000000080001e0      0x378 /Applications/STM32CubeIDE.app/Contents/Eclipse/plugins/com.st.stm32cube.ide.mcu.externaltools.gnu-tools-for-stm32.9-2020-q2-update.macos64_2.0.0.202105311346/tools/bin/../lib/gcc/arm-none-eabi/9.3.1/thumb/v7e-m+fp/hard/libgcc.a(_arm_addsubdf3.o)
                0x00000000080001e0                __aeabi_drsub
                0x00000000080001e8                __subdf3
                0x00000000080001e8                __aeabi_dsub
                0x00000000080001ec                __aeabi_dadd
                0x00000000080001ec                __adddf3
                0x0000000008000464                __aeabi_ui2d
                0x0000000008000464                __floatunsidf
                0x0000000008000484                __floatsidf
                0x0000000008000484                __aeabi_i2d
                0x00000000080004a8                __extendsfdf2
                0x00000000080004a8                __aeabi_f2d
                0x00000000080004ec                __aeabi_ul2d
                0x00000000080004ec                __floatundidf
                0x00000000080004fc                __aeabi_l2d
                0x00000000080004fc                __floatdidf
 .text          0x0000000008000558      0x424 /Applications/STM32CubeIDE.app/Contents/Eclipse/plugins/com.st.stm32cube.ide.mcu.externaltools.gnu-tools-for-stm32.9-2020-q2-update.macos64_2.0.0.202105311346/tools/bin/../lib/gcc/arm-none-eabi/9.3.1/thumb/v7e-m+fp/hard/libgcc.a(_arm_muldivdf3.o)
                0x0000000008000558                __aeabi_dmul
                0x0000000008000558                __muldf3
                0x00000000080007ac                __aeabi_ddiv
                0x00000000080007ac                __divdf3
 .text          0x000000000800097c      0x110 /Applications/STM32CubeIDE.app/Contents/Eclipse/plugins/com.st.stm32cube.ide.mcu.externaltools.gnu-tools-for-stm32.9-2020-q2-update.macos64_2.0.0.202105311346/tools/bin/../lib/gcc/arm-none-eabi/9.3.1/thumb/v7e-m+fp/hard/libgcc.a(_arm_cmpdf2.o)
                0x000000000800097c                __gedf2
                0x000000000800097c                __gtdf2
                0x0000000008000984                __ledf2
                0x0000000008000984                __ltdf2
                0x000000000800098c                __cmpdf2
                0x000000000800098c                __eqdf2
                0x000000000800098c                __nedf2
                0x0000000008000a08                __aeabi_cdrcmple
                0x0000000008000a18                __aeabi_cdcmple
                0x0000000008000a18                __aeabi_cdcmpeq
                0x0000000008000a28                __aeabi_dcmpeq
                0x0000000008000a3c                __aeabi_dcmplt
                0x0000000008000a50                __aeabi_dcmple
                0x0000000008000a64                __aeabi_dcmpge
                0x0000000008000a78                __aeabi_dcmpgt
 .text          0x0000000008000a8c       0x2c /Applications/STM32CubeIDE.app/Contents/Eclipse/plugins/com.st.stm32cube.ide.mcu.externaltools.gnu-tools-for-stm32.9-2020-q2-update.macos64_2.0.0.202105311346/tools/bin/../lib/gcc/arm-none-eabi/9.3.1/thumb/v7e-m+fp/hard/libgcc.a(_arm_unorddf2.o)
                0x0000000008000a8c                __aeabi_dcmpun
                0x0000000008000a8c                __unorddf2
 .text          0x0000000008000ab8       0x50 /Applications/STM32CubeIDE.app/Contents/Eclipse/plugins/com.st.stm32cube.ide.mcu.externaltools.gnu-tools-for-stm32.9-2020-q2-update.macos64_2.0.0.202105311346/tools/bin/../lib/gcc/arm-none-eabi/9.3.1/thumb/v7e-m+fp/hard/libgcc.a(_arm_fixdfsi.o)
                0x0000000008000ab8                __fixdfsi
                0x0000000008000ab8                __aeabi_d2iz
 .text          0x0000000008000b08       0x40 /Applications/STM32CubeIDE.app/Contents/Eclipse/plugins/com.st.stm32cube.ide.mcu.externaltools.gnu-tools-for-stm32.9-2020-q2-update.macos64_2.0.0.202105311346/tools/bin/../lib/gcc/arm-none-eabi/9.3.1/thumb/v7e-m+fp/hard/libgcc.a(_arm_fixunsdfsi.o)
                0x0000000008000b08                __fixunsdfsi
                0x0000000008000b08                __aeabi_d2uiz
 .text          0x0000000008000b48       0x30 /Applications/STM32CubeIDE.app/Contents/Eclipse/plugins/com.st.stm32cube.ide.mcu.externaltools.gnu-tools-for-stm32.9-2020-q2-update.macos64_2.0.0.202105311346/tools/bin/../lib/gcc/arm-none-eabi/9.3.1/thumb/v7e-m+fp/hard/libgcc.a(_aeabi_uldivmod.o)
                0x0000000008000b48                __aeabi_uldivmod
 .text          0x0000000008000b78      0x2c4 /Applications/STM32CubeIDE.app/Contents/Eclipse/plugins/com.st.stm32cube.ide.mcu.externaltools.gnu-tools-for-stm32.9-2020-q2-update.macos64_2.0.0.202105311346/tools/bin/../lib/gcc/arm-none-eabi/9.3.1/thumb/v7e-m+fp/hard/libgcc.a(_udivmoddi4.o)
                0x0000000008000b78                __udivmoddi4
 .text          0x0000000008000e3c        0x4 /Applications/STM32CubeIDE.app/Contents/Eclipse/plugins/com.st.stm32cube.ide.mcu.externaltools.gnu-tools-for-stm32.9-2020-q2-update.macos64_2.0.0.202105311346/tools/bin/../lib/gcc/arm-none-eabi/9.3.1/thumb/v7e-m+fp/hard/libgcc.a(_dvmd_tls.o)
                0x0000000008000e3c                __aeabi_ldiv0
                0x0000000008000e3c                __aeabi_idiv0
 *(.text*)
 .text._Z7hex2decPcS_
                0x0000000008000e40       0x38 ./Core/Src/converter.o
                0x0000000008000e40                hex2dec(char*, char*)
 .text._Z10twoHex2decPcS_S_S_
                0x0000000008000e78       0x5c ./Core/Src/converter.o
                0x0000000008000e78                twoHex2dec(char*, char*, char*, char*)
 .text._Z8char2decPci
                0x0000000008000ed4      0x136 ./Core/Src/converter.o
                0x0000000008000ed4                char2dec(char*, int)
 .text._ZSt3powIiiEN9__gnu_cxx11__promote_2IT_T0_NS0_9__promoteIS2_XsrSt12__is_integerIS2_E7__valueEE6__typeENS4_IS3_XsrS5_IS3_E7__valueEE6__typeEE6__typeES2_S3_
                0x000000000800100a       0x40 ./Core/Src/converter.o
                0x000000000800100a                __gnu_cxx::__promote_2<int, int, __gnu_cxx::__promote<int, std::__is_integer<int>::__value>::__type, __gnu_cxx::__promote<int, std::__is_integer<int>::__value>::__type>::__type std::pow<int, int>(int, int)
 *fill*         0x000000000800104a        0x2 
 .text.vApplicationGetIdleTaskMemory
                0x000000000800104c       0x34 ./Core/Src/freertos.o
                0x000000000800104c                vApplicationGetIdleTaskMemory
 .text._ZnwjPv  0x0000000008001080       0x18 ./Core/Src/main.o
                0x0000000008001080                operator new(unsigned int, void*)
 .text._ZNSt12_Vector_baseIcSaIcEE12_Vector_implD2Ev
                0x0000000008001098       0x18 ./Core/Src/main.o
                0x0000000008001098                std::_Vector_base<char, std::allocator<char> >::_Vector_impl::~_Vector_impl()
                0x0000000008001098                std::_Vector_base<char, std::allocator<char> >::_Vector_impl::~_Vector_impl()
 .text._ZNSt12_Vector_baseIcSaIcEEC2Ev
                0x00000000080010b0       0x1a ./Core/Src/main.o
                0x00000000080010b0                std::_Vector_base<char, std::allocator<char> >::_Vector_base()
                0x00000000080010b0                std::_Vector_base<char, std::allocator<char> >::_Vector_base()
 .text._ZNSt6vectorIcSaIcEEC2Ev
                0x00000000080010ca       0x1a ./Core/Src/main.o
                0x00000000080010ca                std::vector<char, std::allocator<char> >::vector()
                0x00000000080010ca                std::vector<char, std::allocator<char> >::vector()
 .text._ZNSt12_Vector_baseI10DataStructSaIS0_EE12_Vector_implD2Ev
                0x00000000080010e4       0x18 ./Core/Src/main.o
                0x00000000080010e4                std::_Vector_base<DataStruct, std::allocator<DataStruct> >::_Vector_impl::~_Vector_impl()
                0x00000000080010e4                std::_Vector_base<DataStruct, std::allocator<DataStruct> >::_Vector_impl::~_Vector_impl()
 .text._ZNSt12_Vector_baseI10DataStructSaIS0_EEC2Ev
                0x00000000080010fc       0x1a ./Core/Src/main.o
                0x00000000080010fc                std::_Vector_base<DataStruct, std::allocator<DataStruct> >::_Vector_base()
                0x00000000080010fc                std::_Vector_base<DataStruct, std::allocator<DataStruct> >::_Vector_base()
 .text._ZNSt6vectorI10DataStructSaIS0_EEC2Ev
                0x0000000008001116       0x1a ./Core/Src/main.o
                0x0000000008001116                std::vector<DataStruct, std::allocator<DataStruct> >::vector()
                0x0000000008001116                std::vector<DataStruct, std::allocator<DataStruct> >::vector()
 .text.HAL_UART_RxCpltCallback
                0x0000000008001130       0x54 ./Core/Src/main.o
                0x0000000008001130                HAL_UART_RxCpltCallback
 *fill*         0x0000000008001184        0x4 
 .text.HAL_TIM_IC_CaptureCallback
                0x0000000008001188      0x13c ./Core/Src/main.o
                0x0000000008001188                HAL_TIM_IC_CaptureCallback
 .text.main     0x00000000080012c4      0x108 ./Core/Src/main.o
                0x00000000080012c4                main
 .text._Z18SystemClock_Configv
                0x00000000080013cc       0xf0 ./Core/Src/main.o
                0x00000000080013cc                SystemClock_Config()
 .text._ZL12MX_ADC1_Initv
                0x00000000080014bc       0xb8 ./Core/Src/main.o
 .text._ZL12MX_I2C1_Initv
                0x0000000008001574       0x68 ./Core/Src/main.o
 .text._ZL12MX_IWDG_Initv
                0x00000000080015dc       0x40 ./Core/Src/main.o
 .text._ZL13MX_TIM10_Initv
                0x000000000800161c       0xb8 ./Core/Src/main.o
 .text._ZL13MX_TIM11_Initv
                0x00000000080016d4       0xac ./Core/Src/main.o
 .text._ZL13MX_TIM12_Initv
                0x0000000008001780       0xec ./Core/Src/main.o
 .text._ZL13MX_UART4_Initv
                0x000000000800186c       0x5c ./Core/Src/main.o
 .text._ZL12MX_GPIO_Initv
                0x00000000080018c8      0x140 ./Core/Src/main.o
 .text._Z13StartMainTaskPKv
                0x0000000008001a08      0x240 ./Core/Src/main.o
                0x0000000008001a08                StartMainTask(void const*)
 .text._Z17StartParseCommandPKv
                0x0000000008001c48      0x10c ./Core/Src/main.o
                0x0000000008001c48                StartParseCommand(void const*)
 .text._Z16StartCheckSafetyPKv
                0x0000000008001d54       0x9c ./Core/Src/main.o
                0x0000000008001d54                StartCheckSafety(void const*)
 .text._Z17StartCheckbatteryPKv
                0x0000000008001df0       0x12 ./Core/Src/main.o
                0x0000000008001df0                StartCheckbattery(void const*)
 *fill*         0x0000000008001e02        0x2 
 .text.HAL_TIM_PeriodElapsedCallback
                0x0000000008001e04       0x24 ./Core/Src/main.o
                0x0000000008001e04                HAL_TIM_PeriodElapsedCallback
 .text.Error_Handler
                0x0000000008001e28        0xa ./Core/Src/main.o
                0x0000000008001e28                Error_Handler
 .text._ZNSt12_Vector_baseIcSaIcEE12_Vector_implC2Ev
                0x0000000008001e32       0x20 ./Core/Src/main.o
                0x0000000008001e32                std::_Vector_base<char, std::allocator<char> >::_Vector_impl::_Vector_impl()
                0x0000000008001e32                std::_Vector_base<char, std::allocator<char> >::_Vector_impl::_Vector_impl()
 .text._ZNSt12_Vector_baseIcSaIcEED2Ev
                0x0000000008001e52       0x30 ./Core/Src/main.o
                0x0000000008001e52                std::_Vector_base<char, std::allocator<char> >::~_Vector_base()
                0x0000000008001e52                std::_Vector_base<char, std::allocator<char> >::~_Vector_base()
 .text._ZNSt12_Vector_baseI10DataStructSaIS0_EE12_Vector_implC2Ev
                0x0000000008001e82       0x20 ./Core/Src/main.o
                0x0000000008001e82                std::_Vector_base<DataStruct, std::allocator<DataStruct> >::_Vector_impl::_Vector_impl()
                0x0000000008001e82                std::_Vector_base<DataStruct, std::allocator<DataStruct> >::_Vector_impl::_Vector_impl()
 .text._ZNSaI10DataStructED2Ev
                0x0000000008001ea2       0x18 ./Core/Src/main.o
                0x0000000008001ea2                std::allocator<DataStruct>::~allocator()
                0x0000000008001ea2                std::allocator<DataStruct>::~allocator()
 *fill*         0x0000000008001eba        0x2 
 .text._ZNSt12_Vector_baseI10DataStructSaIS0_EED2Ev
                0x0000000008001ebc       0x3c ./Core/Src/main.o
                0x0000000008001ebc                std::_Vector_base<DataStruct, std::allocator<DataStruct> >::~_Vector_base()
                0x0000000008001ebc                std::_Vector_base<DataStruct, std::allocator<DataStruct> >::~_Vector_base()
 .text._ZNSt6vectorIcSaIcEE9push_backERKc
                0x0000000008001ef8       0x4a ./Core/Src/main.o
                0x0000000008001ef8                std::vector<char, std::allocator<char> >::push_back(char const&)
 *fill*         0x0000000008001f42        0x2 
 .text._ZNKSt6vectorI10DataStructSaIS0_EE4sizeEv
                0x0000000008001f44       0x2c ./Core/Src/main.o
                0x0000000008001f44                std::vector<DataStruct, std::allocator<DataStruct> >::size() const
 .text._ZNSt6vectorI10DataStructSaIS0_EE5beginEv
                0x0000000008001f70       0x20 ./Core/Src/main.o
                0x0000000008001f70                std::vector<DataStruct, std::allocator<DataStruct> >::begin()
 .text._ZNK9__gnu_cxx17__normal_iteratorIP10DataStructSt6vectorIS1_SaIS1_EEEdeEv
                0x0000000008001f90       0x18 ./Core/Src/main.o
                0x0000000008001f90                __gnu_cxx::__normal_iterator<DataStruct*, std::vector<DataStruct, std::allocator<DataStruct> > >::operator*() const
 .text._ZN9__gnu_cxx17__normal_iteratorIPK10DataStructSt6vectorIS1_SaIS1_EEEC2IPS1_EERKNS0_IT_NS_11__enable_ifIXsrSt10__are_sameISA_S9_E7__valueES6_E6__typeEEE
                0x0000000008001fa8       0x22 ./Core/Src/main.o
                0x0000000008001fa8                __gnu_cxx::__normal_iterator<DataStruct const*, std::vector<DataStruct, std::allocator<DataStruct> > >::__normal_iterator<DataStruct*>(__gnu_cxx::__normal_iterator<DataStruct*, __gnu_cxx::__enable_if<std::__are_same<DataStruct*, DataStruct*>::__value, std::vector<DataStruct, std::allocator<DataStruct> > >::__type> const&)
                0x0000000008001fa8                __gnu_cxx::__normal_iterator<DataStruct const*, std::vector<DataStruct, std::allocator<DataStruct> > >::__normal_iterator<DataStruct*>(__gnu_cxx::__normal_iterator<DataStruct*, __gnu_cxx::__enable_if<std::__are_same<DataStruct*, DataStruct*>::__value, std::vector<DataStruct, std::allocator<DataStruct> > >::__type> const&)
 .text._ZNSt6vectorI10DataStructSaIS0_EE5eraseEN9__gnu_cxx17__normal_iteratorIPKS0_S2_EE
                0x0000000008001fca       0x4e ./Core/Src/main.o
                0x0000000008001fca                std::vector<DataStruct, std::allocator<DataStruct> >::erase(__gnu_cxx::__normal_iterator<DataStruct const*, std::vector<DataStruct, std::allocator<DataStruct> > >)
 .text._ZNSt6vectorI10DataStructSaIS0_EE5clearEv
                0x0000000008002018       0x1c ./Core/Src/main.o
                0x0000000008002018                std::vector<DataStruct, std::allocator<DataStruct> >::clear()
 .text._ZNKSt6vectorIcSaIcEE4sizeEv
                0x0000000008002034       0x1e ./Core/Src/main.o
                0x0000000008002034                std::vector<char, std::allocator<char> >::size() const
 .text._ZNSt6vectorIcSaIcEEC2ERKS1_
                0x0000000008002052       0x7a ./Core/Src/main.o
                0x0000000008002052                std::vector<char, std::allocator<char> >::vector(std::vector<char, std::allocator<char> > const&)
                0x0000000008002052                std::vector<char, std::allocator<char> >::vector(std::vector<char, std::allocator<char> > const&)
 .text._ZNSt6vectorIcSaIcEED2Ev
                0x00000000080020cc       0x36 ./Core/Src/main.o
                0x00000000080020cc                std::vector<char, std::allocator<char> >::~vector()
                0x00000000080020cc                std::vector<char, std::allocator<char> >::~vector()
 .text._ZNSt6vectorI10DataStructSaIS0_EED2Ev
                0x0000000008002102       0x36 ./Core/Src/main.o
                0x0000000008002102                std::vector<DataStruct, std::allocator<DataStruct> >::~vector()
                0x0000000008002102                std::vector<DataStruct, std::allocator<DataStruct> >::~vector()
 .text._ZNSt6vectorIcSaIcEE5clearEv
                0x0000000008002138       0x1c ./Core/Src/main.o
                0x0000000008002138                std::vector<char, std::allocator<char> >::clear()
 .text._ZNSt6vectorI10DataStructSaIS0_EE3endEv
                0x0000000008002154       0x22 ./Core/Src/main.o
                0x0000000008002154                std::vector<DataStruct, std::allocator<DataStruct> >::end()
 .text._ZNSt6vectorI10DataStructSaIS0_EE6insertIN9__gnu_cxx17__normal_iteratorIPS0_S2_EEvEES7_NS5_IPKS0_S2_EET_SB_
                0x0000000008002176       0x70 ./Core/Src/main.o
                0x0000000008002176                __gnu_cxx::__normal_iterator<DataStruct*, std::vector<DataStruct, std::allocator<DataStruct> > > std::vector<DataStruct, std::allocator<DataStruct> >::insert<__gnu_cxx::__normal_iterator<DataStruct*, std::vector<DataStruct, std::allocator<DataStruct> > >, void>(__gnu_cxx::__normal_iterator<DataStruct const*, std::vector<DataStruct, std::allocator<DataStruct> > >, __gnu_cxx::__normal_iterator<DataStruct*, std::vector<DataStruct, std::allocator<DataStruct> > >, __gnu_cxx::__normal_iterator<DataStruct*, std::vector<DataStruct, std::allocator<DataStruct> > >)
 .text._ZNSt12_Vector_baseIcSaIcEE17_Vector_impl_dataC2Ev
                0x00000000080021e6       0x28 ./Core/Src/main.o
                0x00000000080021e6                std::_Vector_base<char, std::allocator<char> >::_Vector_impl_data::_Vector_impl_data()
                0x00000000080021e6                std::_Vector_base<char, std::allocator<char> >::_Vector_impl_data::_Vector_impl_data()
 .text._ZNSt12_Vector_baseIcSaIcEE13_M_deallocateEPcj
                0x000000000800220e       0x26 ./Core/Src/main.o
                0x000000000800220e                std::_Vector_base<char, std::allocator<char> >::_M_deallocate(char*, unsigned int)
 .text._ZNSaI10DataStructEC2Ev
                0x0000000008002234       0x18 ./Core/Src/main.o
                0x0000000008002234                std::allocator<DataStruct>::allocator()
                0x0000000008002234                std::allocator<DataStruct>::allocator()
 .text._ZNSt12_Vector_baseI10DataStructSaIS0_EE17_Vector_impl_dataC2Ev
                0x000000000800224c       0x28 ./Core/Src/main.o
                0x000000000800224c                std::_Vector_base<DataStruct, std::allocator<DataStruct> >::_Vector_impl_data::_Vector_impl_data()
                0x000000000800224c                std::_Vector_base<DataStruct, std::allocator<DataStruct> >::_Vector_impl_data::_Vector_impl_data()
 .text._ZN9__gnu_cxx13new_allocatorI10DataStructED2Ev
                0x0000000008002274       0x16 ./Core/Src/main.o
                0x0000000008002274                __gnu_cxx::new_allocator<DataStruct>::~new_allocator()
                0x0000000008002274                __gnu_cxx::new_allocator<DataStruct>::~new_allocator()
 .text._ZNSt12_Vector_baseI10DataStructSaIS0_EE13_M_deallocateEPS0_j
                0x000000000800228a       0x26 ./Core/Src/main.o
                0x000000000800228a                std::_Vector_base<DataStruct, std::allocator<DataStruct> >::_M_deallocate(DataStruct*, unsigned int)
 .text._ZNSt16allocator_traitsISaIcEE9constructIcJRKcEEEvRS0_PT_DpOT0_
                0x00000000080022b0       0x26 ./Core/Src/main.o
                0x00000000080022b0                void std::allocator_traits<std::allocator<char> >::construct<char, char const&>(std::allocator<char>&, char*, char const&)
 .text._ZNSt6vectorIcSaIcEE3endEv
                0x00000000080022d6       0x22 ./Core/Src/main.o
                0x00000000080022d6                std::vector<char, std::allocator<char> >::end()
 .text._ZNSt6vectorIcSaIcEE15_S_use_relocateEv
                0x00000000080022f8       0x16 ./Core/Src/main.o
                0x00000000080022f8                std::vector<char, std::allocator<char> >::_S_use_relocate()
 .text._ZNSt6vectorIcSaIcEE19_S_nothrow_relocateESt17integral_constantIbLb1EE
                0x000000000800230e       0x16 ./Core/Src/main.o
                0x000000000800230e                std::vector<char, std::allocator<char> >::_S_nothrow_relocate(std::integral_constant<bool, true>)
 .text._ZNSt6vectorIcSaIcEE17_M_realloc_insertIJRKcEEEvN9__gnu_cxx17__normal_iteratorIPcS1_EEDpOT_
                0x0000000008002324      0x170 ./Core/Src/main.o
                0x0000000008002324                void std::vector<char, std::allocator<char> >::_M_realloc_insert<char const&>(__gnu_cxx::__normal_iterator<char*, std::vector<char, std::allocator<char> > >, char const&)
 .text._ZN9__gnu_cxx17__normal_iteratorIP10DataStructSt6vectorIS1_SaIS1_EEEC2ERKS2_
                0x0000000008002494       0x20 ./Core/Src/main.o
                0x0000000008002494                __gnu_cxx::__normal_iterator<DataStruct*, std::vector<DataStruct, std::allocator<DataStruct> > >::__normal_iterator(DataStruct* const&)
                0x0000000008002494                __gnu_cxx::__normal_iterator<DataStruct*, std::vector<DataStruct, std::allocator<DataStruct> > >::__normal_iterator(DataStruct* const&)
 .text._ZNK9__gnu_cxx17__normal_iteratorIP10DataStructSt6vectorIS1_SaIS1_EEE4baseEv
                0x00000000080024b4       0x16 ./Core/Src/main.o
                0x00000000080024b4                __gnu_cxx::__normal_iterator<DataStruct*, std::vector<DataStruct, std::allocator<DataStruct> > >::base() const
 .text._ZNKSt6vectorI10DataStructSaIS0_EE6cbeginEv
                0x00000000080024ca       0x28 ./Core/Src/main.o
                0x00000000080024ca                std::vector<DataStruct, std::allocator<DataStruct> >::cbegin() const
 *fill*         0x00000000080024f2        0x2 
 .text._ZN9__gnu_cxxmiIPK10DataStructSt6vectorIS1_SaIS1_EEEENS_17__normal_iteratorIT_T0_E15difference_typeERKSA_SD_
                0x00000000080024f4       0x34 ./Core/Src/main.o
                0x00000000080024f4                __gnu_cxx::__normal_iterator<DataStruct const*, std::vector<DataStruct, std::allocator<DataStruct> > >::difference_type __gnu_cxx::operator-<DataStruct const*, std::vector<DataStruct, std::allocator<DataStruct> > >(__gnu_cxx::__normal_iterator<DataStruct const*, std::vector<DataStruct, std::allocator<DataStruct> > > const&, __gnu_cxx::__normal_iterator<DataStruct const*, std::vector<DataStruct, std::allocator<DataStruct> > > const&)
 .text._ZNK9__gnu_cxx17__normal_iteratorIP10DataStructSt6vectorIS1_SaIS1_EEEplEi
                0x0000000008002528       0x36 ./Core/Src/main.o
                0x0000000008002528                __gnu_cxx::__normal_iterator<DataStruct*, std::vector<DataStruct, std::allocator<DataStruct> > >::operator+(int) const
 .text._ZNSt6vectorI10DataStructSaIS0_EE8_M_eraseEN9__gnu_cxx17__normal_iteratorIPS0_S2_EE
                0x000000000800255e       0x7a ./Core/Src/main.o
                0x000000000800255e                std::vector<DataStruct, std::allocator<DataStruct> >::_M_erase(__gnu_cxx::__normal_iterator<DataStruct*, std::vector<DataStruct, std::allocator<DataStruct> > >)
 .text._ZNSt6vectorI10DataStructSaIS0_EE15_M_erase_at_endEPS0_
                0x00000000080025d8       0x4c ./Core/Src/main.o
                0x00000000080025d8                std::vector<DataStruct, std::allocator<DataStruct> >::_M_erase_at_end(DataStruct*)
 .text._ZN9__gnu_cxx14__alloc_traitsISaIcEcE17_S_select_on_copyERKS1_
                0x0000000008002624       0x1c ./Core/Src/main.o
                0x0000000008002624                __gnu_cxx::__alloc_traits<std::allocator<char>, char>::_S_select_on_copy(std::allocator<char> const&)
 .text._ZNKSt12_Vector_baseIcSaIcEE19_M_get_Tp_allocatorEv
                0x0000000008002640       0x16 ./Core/Src/main.o
                0x0000000008002640                std::_Vector_base<char, std::allocator<char> >::_M_get_Tp_allocator() const
 .text._ZNSt12_Vector_baseIcSaIcEEC2EjRKS0_
                0x0000000008002656       0x28 ./Core/Src/main.o
                0x0000000008002656                std::_Vector_base<char, std::allocator<char> >::_Vector_base(unsigned int, std::allocator<char> const&)
                0x0000000008002656                std::_Vector_base<char, std::allocator<char> >::_Vector_base(unsigned int, std::allocator<char> const&)
 .text._ZNKSt6vectorIcSaIcEE5beginEv
                0x000000000800267e       0x28 ./Core/Src/main.o
                0x000000000800267e                std::vector<char, std::allocator<char> >::begin() const
 .text._ZNKSt6vectorIcSaIcEE3endEv
                0x00000000080026a6       0x28 ./Core/Src/main.o
                0x00000000080026a6                std::vector<char, std::allocator<char> >::end() const
 .text._ZNSt12_Vector_baseIcSaIcEE19_M_get_Tp_allocatorEv
                0x00000000080026ce       0x16 ./Core/Src/main.o
                0x00000000080026ce                std::_Vector_base<char, std::allocator<char> >::_M_get_Tp_allocator()
 .text._ZSt22__uninitialized_copy_aIN9__gnu_cxx17__normal_iteratorIPKcSt6vectorIcSaIcEEEEPccET0_T_SA_S9_RSaIT1_E
                0x00000000080026e4       0x22 ./Core/Src/main.o
                0x00000000080026e4                char* std::__uninitialized_copy_a<__gnu_cxx::__normal_iterator<char const*, std::vector<char, std::allocator<char> > >, char*, char>(__gnu_cxx::__normal_iterator<char const*, std::vector<char, std::allocator<char> > >, __gnu_cxx::__normal_iterator<char const*, std::vector<char, std::allocator<char> > >, char*, std::allocator<char>&)
 .text._ZSt8_DestroyIPccEvT_S1_RSaIT0_E
                0x0000000008002706       0x1c ./Core/Src/main.o
                0x0000000008002706                void std::_Destroy<char*, char>(char*, char*, std::allocator<char>&)
 .text._ZNSt12_Vector_baseI10DataStructSaIS0_EE19_M_get_Tp_allocatorEv
                0x0000000008002722       0x16 ./Core/Src/main.o
                0x0000000008002722                std::_Vector_base<DataStruct, std::allocator<DataStruct> >::_M_get_Tp_allocator()
 .text._ZSt8_DestroyIP10DataStructS0_EvT_S2_RSaIT0_E
                0x0000000008002738       0x1c ./Core/Src/main.o
                0x0000000008002738                void std::_Destroy<DataStruct*, DataStruct>(DataStruct*, DataStruct*, std::allocator<DataStruct>&)
 .text._ZNSt6vectorIcSaIcEE15_M_erase_at_endEPc
                0x0000000008002754       0x40 ./Core/Src/main.o
                0x0000000008002754                std::vector<char, std::allocator<char> >::_M_erase_at_end(char*)
 .text._ZNSt6vectorI10DataStructSaIS0_EE18_M_insert_dispatchIN9__gnu_cxx17__normal_iteratorIPS0_S2_EEEEvS7_T_S8_St12__false_type
                0x0000000008002794       0x2e ./Core/Src/main.o
                0x0000000008002794                void std::vector<DataStruct, std::allocator<DataStruct> >::_M_insert_dispatch<__gnu_cxx::__normal_iterator<DataStruct*, std::vector<DataStruct, std::allocator<DataStruct> > > >(__gnu_cxx::__normal_iterator<DataStruct*, std::vector<DataStruct, std::allocator<DataStruct> > >, __gnu_cxx::__normal_iterator<DataStruct*, std::vector<DataStruct, std::allocator<DataStruct> > >, __gnu_cxx::__normal_iterator<DataStruct*, std::vector<DataStruct, std::allocator<DataStruct> > >, std::__false_type)
 .text._ZNSt16allocator_traitsISaIcEE10deallocateERS0_Pcj
                0x00000000080027c2       0x1e ./Core/Src/main.o
                0x00000000080027c2                std::allocator_traits<std::allocator<char> >::deallocate(std::allocator<char>&, char*, unsigned int)
 .text._ZN9__gnu_cxx13new_allocatorI10DataStructEC2Ev
                0x00000000080027e0       0x16 ./Core/Src/main.o
                0x00000000080027e0                __gnu_cxx::new_allocator<DataStruct>::new_allocator()
                0x00000000080027e0                __gnu_cxx::new_allocator<DataStruct>::new_allocator()
 .text._ZNSt16allocator_traitsISaI10DataStructEE10deallocateERS1_PS0_j
                0x00000000080027f6       0x1e ./Core/Src/main.o
                0x00000000080027f6                std::allocator_traits<std::allocator<DataStruct> >::deallocate(std::allocator<DataStruct>&, DataStruct*, unsigned int)
 .text._ZSt7forwardIRKcEOT_RNSt16remove_referenceIS2_E4typeE
                0x0000000008002814       0x16 ./Core/Src/main.o
                0x0000000008002814                char const& std::forward<char const&>(std::remove_reference<char const&>::type&)
 .text._ZN9__gnu_cxx13new_allocatorIcE9constructIcJRKcEEEvPT_DpOT0_
                0x000000000800282a       0x2e ./Core/Src/main.o
                0x000000000800282a                void __gnu_cxx::new_allocator<char>::construct<char, char const&>(char*, char const&)
 .text._ZN9__gnu_cxx17__normal_iteratorIPcSt6vectorIcSaIcEEEC2ERKS1_
                0x0000000008002858       0x20 ./Core/Src/main.o
                0x0000000008002858                __gnu_cxx::__normal_iterator<char*, std::vector<char, std::allocator<char> > >::__normal_iterator(char* const&)
                0x0000000008002858                __gnu_cxx::__normal_iterator<char*, std::vector<char, std::allocator<char> > >::__normal_iterator(char* const&)
 .text._ZNKSt6vectorIcSaIcEE12_M_check_lenEjPKc
                0x0000000008002878       0x8e ./Core/Src/main.o
                0x0000000008002878                std::vector<char, std::allocator<char> >::_M_check_len(unsigned int, char const*) const
 .text._ZNSt6vectorIcSaIcEE5beginEv
                0x0000000008002906       0x20 ./Core/Src/main.o
                0x0000000008002906                std::vector<char, std::allocator<char> >::begin()
 .text._ZN9__gnu_cxxmiIPcSt6vectorIcSaIcEEEENS_17__normal_iteratorIT_T0_E15difference_typeERKS8_SB_
                0x0000000008002926       0x28 ./Core/Src/main.o
                0x0000000008002926                __gnu_cxx::__normal_iterator<char*, std::vector<char, std::allocator<char> > >::difference_type __gnu_cxx::operator-<char*, std::vector<char, std::allocator<char> > >(__gnu_cxx::__normal_iterator<char*, std::vector<char, std::allocator<char> > > const&, __gnu_cxx::__normal_iterator<char*, std::vector<char, std::allocator<char> > > const&)
 .text._ZNSt12_Vector_baseIcSaIcEE11_M_allocateEj
                0x000000000800294e       0x28 ./Core/Src/main.o
                0x000000000800294e                std::_Vector_base<char, std::allocator<char> >::_M_allocate(unsigned int)
 .text._ZNSt6vectorIcSaIcEE11_S_relocateEPcS2_S2_RS0_
                0x0000000008002976       0x28 ./Core/Src/main.o
                0x0000000008002976                std::vector<char, std::allocator<char> >::_S_relocate(char*, char*, char*, std::allocator<char>&)
 .text._ZNK9__gnu_cxx17__normal_iteratorIPcSt6vectorIcSaIcEEE4baseEv
                0x000000000800299e       0x16 ./Core/Src/main.o
                0x000000000800299e                __gnu_cxx::__normal_iterator<char*, std::vector<char, std::allocator<char> > >::base() const
 .text._ZSt34__uninitialized_move_if_noexcept_aIPcS0_SaIcEET0_T_S3_S2_RT1_
                0x00000000080029b4       0x32 ./Core/Src/main.o
                0x00000000080029b4                char* std::__uninitialized_move_if_noexcept_a<char*, char*, std::allocator<char> >(char*, char*, char*, std::allocator<char>&)
 .text._ZN9__gnu_cxx17__normal_iteratorIPK10DataStructSt6vectorIS1_SaIS1_EEEC2ERKS3_
                0x00000000080029e6       0x20 ./Core/Src/main.o
                0x00000000080029e6                __gnu_cxx::__normal_iterator<DataStruct const*, std::vector<DataStruct, std::allocator<DataStruct> > >::__normal_iterator(DataStruct const* const&)
                0x00000000080029e6                __gnu_cxx::__normal_iterator<DataStruct const*, std::vector<DataStruct, std::allocator<DataStruct> > >::__normal_iterator(DataStruct const* const&)
 .text._ZNK9__gnu_cxx17__normal_iteratorIPK10DataStructSt6vectorIS1_SaIS1_EEE4baseEv
                0x0000000008002a06       0x16 ./Core/Src/main.o
                0x0000000008002a06                __gnu_cxx::__normal_iterator<DataStruct const*, std::vector<DataStruct, std::allocator<DataStruct> > >::base() const
 .text._ZN9__gnu_cxxneIP10DataStructSt6vectorIS1_SaIS1_EEEEbRKNS_17__normal_iteratorIT_T0_EESB_
                0x0000000008002a1c       0x30 ./Core/Src/main.o
                0x0000000008002a1c                bool __gnu_cxx::operator!=<DataStruct*, std::vector<DataStruct, std::allocator<DataStruct> > >(__gnu_cxx::__normal_iterator<DataStruct*, std::vector<DataStruct, std::allocator<DataStruct> > > const&, __gnu_cxx::__normal_iterator<DataStruct*, std::vector<DataStruct, std::allocator<DataStruct> > > const&)
 .text._ZSt4moveIN9__gnu_cxx17__normal_iteratorIP10DataStructSt6vectorIS2_SaIS2_EEEES7_ET0_T_S9_S8_
                0x0000000008002a4c       0x30 ./Core/Src/main.o
                0x0000000008002a4c                __gnu_cxx::__normal_iterator<DataStruct*, std::vector<DataStruct, std::allocator<DataStruct> > > std::move<__gnu_cxx::__normal_iterator<DataStruct*, std::vector<DataStruct, std::allocator<DataStruct> > >, __gnu_cxx::__normal_iterator<DataStruct*, std::vector<DataStruct, std::allocator<DataStruct> > > >(__gnu_cxx::__normal_iterator<DataStruct*, std::vector<DataStruct, std::allocator<DataStruct> > >, __gnu_cxx::__normal_iterator<DataStruct*, std::vector<DataStruct, std::allocator<DataStruct> > >, __gnu_cxx::__normal_iterator<DataStruct*, std::vector<DataStruct, std::allocator<DataStruct> > >)
 .text._ZNSt16allocator_traitsISaI10DataStructEE7destroyIS0_EEvRS1_PT_
                0x0000000008002a7c       0x1a ./Core/Src/main.o
                0x0000000008002a7c                void std::allocator_traits<std::allocator<DataStruct> >::destroy<DataStruct>(std::allocator<DataStruct>&, DataStruct*)
 .text._ZNSt16allocator_traitsISaIcEE37select_on_container_copy_constructionERKS0_
                0x0000000008002a96       0x1a ./Core/Src/main.o
                0x0000000008002a96                std::allocator_traits<std::allocator<char> >::select_on_container_copy_construction(std::allocator<char> const&)
 .text._ZNSt12_Vector_baseIcSaIcEE12_Vector_implC2ERKS0_
                0x0000000008002ab0       0x24 ./Core/Src/main.o
                0x0000000008002ab0                std::_Vector_base<char, std::allocator<char> >::_Vector_impl::_Vector_impl(std::allocator<char> const&)
                0x0000000008002ab0                std::_Vector_base<char, std::allocator<char> >::_Vector_impl::_Vector_impl(std::allocator<char> const&)
 .text._ZNSt12_Vector_baseIcSaIcEE17_M_create_storageEj
                0x0000000008002ad4       0x34 ./Core/Src/main.o
                0x0000000008002ad4                std::_Vector_base<char, std::allocator<char> >::_M_create_storage(unsigned int)
 .text._ZN9__gnu_cxx17__normal_iteratorIPKcSt6vectorIcSaIcEEEC2ERKS2_
                0x0000000008002b08       0x20 ./Core/Src/main.o
                0x0000000008002b08                __gnu_cxx::__normal_iterator<char const*, std::vector<char, std::allocator<char> > >::__normal_iterator(char const* const&)
                0x0000000008002b08                __gnu_cxx::__normal_iterator<char const*, std::vector<char, std::allocator<char> > >::__normal_iterator(char const* const&)
 .text._ZSt18uninitialized_copyIN9__gnu_cxx17__normal_iteratorIPKcSt6vectorIcSaIcEEEEPcET0_T_SA_S9_
                0x0000000008002b28       0x24 ./Core/Src/main.o
                0x0000000008002b28                char* std::uninitialized_copy<__gnu_cxx::__normal_iterator<char const*, std::vector<char, std::allocator<char> > >, char*>(__gnu_cxx::__normal_iterator<char const*, std::vector<char, std::allocator<char> > >, __gnu_cxx::__normal_iterator<char const*, std::vector<char, std::allocator<char> > >, char*)
 .text._ZSt8_DestroyIPcEvT_S1_
                0x0000000008002b4c       0x1a ./Core/Src/main.o
                0x0000000008002b4c                void std::_Destroy<char*>(char*, char*)
 .text._ZSt8_DestroyIP10DataStructEvT_S2_
                0x0000000008002b66       0x1a ./Core/Src/main.o
                0x0000000008002b66                void std::_Destroy<DataStruct*>(DataStruct*, DataStruct*)
 .text._ZSt19__iterator_categoryIN9__gnu_cxx17__normal_iteratorIP10DataStructSt6vectorIS2_SaIS2_EEEEENSt15iterator_traitsIT_E17iterator_categoryERKS9_
                0x0000000008002b80       0x14 ./Core/Src/main.o
                0x0000000008002b80                std::iterator_traits<__gnu_cxx::__normal_iterator<DataStruct*, std::vector<DataStruct, std::allocator<DataStruct> > > >::iterator_category std::__iterator_category<__gnu_cxx::__normal_iterator<DataStruct*, std::vector<DataStruct, std::allocator<DataStruct> > > >(__gnu_cxx::__normal_iterator<DataStruct*, std::vector<DataStruct, std::allocator<DataStruct> > > const&)
 .text._ZNSt6vectorI10DataStructSaIS0_EE15_M_range_insertIN9__gnu_cxx17__normal_iteratorIPS0_S2_EEEEvS7_T_S8_St20forward_iterator_tag
                0x0000000008002b94      0x25c ./Core/Src/main.o
                0x0000000008002b94                void std::vector<DataStruct, std::allocator<DataStruct> >::_M_range_insert<__gnu_cxx::__normal_iterator<DataStruct*, std::vector<DataStruct, std::allocator<DataStruct> > > >(__gnu_cxx::__normal_iterator<DataStruct*, std::vector<DataStruct, std::allocator<DataStruct> > >, __gnu_cxx::__normal_iterator<DataStruct*, std::vector<DataStruct, std::allocator<DataStruct> > >, __gnu_cxx::__normal_iterator<DataStruct*, std::vector<DataStruct, std::allocator<DataStruct> > >, std::forward_iterator_tag)
 .text._ZN9__gnu_cxx13new_allocatorIcE10deallocateEPcj
                0x0000000008002df0       0x1a ./Core/Src/main.o
                0x0000000008002df0                __gnu_cxx::new_allocator<char>::deallocate(char*, unsigned int)
 .text._ZN9__gnu_cxx13new_allocatorI10DataStructE10deallocateEPS1_j
                0x0000000008002e0a       0x1a ./Core/Src/main.o
                0x0000000008002e0a                __gnu_cxx::new_allocator<DataStruct>::deallocate(DataStruct*, unsigned int)
 .text._ZNKSt6vectorIcSaIcEE8max_sizeEv
                0x0000000008002e24       0x22 ./Core/Src/main.o
                0x0000000008002e24                std::vector<char, std::allocator<char> >::max_size() const
 .text._ZSt3maxIjERKT_S2_S2_
                0x0000000008002e46       0x28 ./Core/Src/main.o
                0x0000000008002e46                unsigned int const& std::max<unsigned int>(unsigned int const&, unsigned int const&)
 .text._ZNSt16allocator_traitsISaIcEE8allocateERS0_j
                0x0000000008002e6e       0x1e ./Core/Src/main.o
                0x0000000008002e6e                std::allocator_traits<std::allocator<char> >::allocate(std::allocator<char>&, unsigned int)
 .text._ZNSt6vectorIcSaIcEE14_S_do_relocateEPcS2_S2_RS0_St17integral_constantIbLb1EE
                0x0000000008002e8c       0x24 ./Core/Src/main.o
                0x0000000008002e8c                std::vector<char, std::allocator<char> >::_S_do_relocate(char*, char*, char*, std::allocator<char>&, std::integral_constant<bool, true>)
 .text._ZSt32__make_move_if_noexcept_iteratorIcSt13move_iteratorIPcEET0_PT_
                0x0000000008002eb0       0x1e ./Core/Src/main.o
                0x0000000008002eb0                std::move_iterator<char*> std::__make_move_if_noexcept_iterator<char, std::move_iterator<char*> >(char*)
 .text._ZSt22__uninitialized_copy_aISt13move_iteratorIPcES1_cET0_T_S4_S3_RSaIT1_E
                0x0000000008002ece       0x22 ./Core/Src/main.o
                0x0000000008002ece                char* std::__uninitialized_copy_a<std::move_iterator<char*>, char*, char>(std::move_iterator<char*>, std::move_iterator<char*>, char*, std::allocator<char>&)
 .text._ZSt12__miter_baseIN9__gnu_cxx17__normal_iteratorIP10DataStructSt6vectorIS2_SaIS2_EEEEET_S8_
                0x0000000008002ef0       0x16 ./Core/Src/main.o
                0x0000000008002ef0                __gnu_cxx::__normal_iterator<DataStruct*, std::vector<DataStruct, std::allocator<DataStruct> > > std::__miter_base<__gnu_cxx::__normal_iterator<DataStruct*, std::vector<DataStruct, std::allocator<DataStruct> > > >(__gnu_cxx::__normal_iterator<DataStruct*, std::vector<DataStruct, std::allocator<DataStruct> > >)
 .text._ZSt14__copy_move_a2ILb1EN9__gnu_cxx17__normal_iteratorIP10DataStructSt6vectorIS2_SaIS2_EEEES7_ET1_T0_S9_S8_
                0x0000000008002f06       0x42 ./Core/Src/main.o
                0x0000000008002f06                __gnu_cxx::__normal_iterator<DataStruct*, std::vector<DataStruct, std::allocator<DataStruct> > > std::__copy_move_a2<true, __gnu_cxx::__normal_iterator<DataStruct*, std::vector<DataStruct, std::allocator<DataStruct> > >, __gnu_cxx::__normal_iterator<DataStruct*, std::vector<DataStruct, std::allocator<DataStruct> > > >(__gnu_cxx::__normal_iterator<DataStruct*, std::vector<DataStruct, std::allocator<DataStruct> > >, __gnu_cxx::__normal_iterator<DataStruct*, std::vector<DataStruct, std::allocator<DataStruct> > >, __gnu_cxx::__normal_iterator<DataStruct*, std::vector<DataStruct, std::allocator<DataStruct> > >)
 .text._ZN9__gnu_cxx13new_allocatorI10DataStructE7destroyIS1_EEvPT_
                0x0000000008002f48       0x16 ./Core/Src/main.o
                0x0000000008002f48                void __gnu_cxx::new_allocator<DataStruct>::destroy<DataStruct>(DataStruct*)
 .text._ZNSt20__uninitialized_copyILb1EE13__uninit_copyIN9__gnu_cxx17__normal_iteratorIPKcSt6vectorIcSaIcEEEEPcEET0_T_SC_SB_
                0x0000000008002f5e       0x20 ./Core/Src/main.o
                0x0000000008002f5e                char* std::__uninitialized_copy<true>::__uninit_copy<__gnu_cxx::__normal_iterator<char const*, std::vector<char, std::allocator<char> > >, char*>(__gnu_cxx::__normal_iterator<char const*, std::vector<char, std::allocator<char> > >, __gnu_cxx::__normal_iterator<char const*, std::vector<char, std::allocator<char> > >, char*)
 .text._ZNSt12_Destroy_auxILb1EE9__destroyIPcEEvT_S3_
                0x0000000008002f7e       0x16 ./Core/Src/main.o
                0x0000000008002f7e                void std::_Destroy_aux<true>::__destroy<char*>(char*, char*)
 .text._ZNSt12_Destroy_auxILb1EE9__destroyIP10DataStructEEvT_S4_
                0x0000000008002f94       0x16 ./Core/Src/main.o
                0x0000000008002f94                void std::_Destroy_aux<true>::__destroy<DataStruct*>(DataStruct*, DataStruct*)
 .text._ZSt8distanceIN9__gnu_cxx17__normal_iteratorIP10DataStructSt6vectorIS2_SaIS2_EEEEENSt15iterator_traitsIT_E15difference_typeES9_S9_
                0x0000000008002faa       0x26 ./Core/Src/main.o
                0x0000000008002faa                std::iterator_traits<__gnu_cxx::__normal_iterator<DataStruct*, std::vector<DataStruct, std::allocator<DataStruct> > > >::difference_type std::distance<__gnu_cxx::__normal_iterator<DataStruct*, std::vector<DataStruct, std::allocator<DataStruct> > > >(__gnu_cxx::__normal_iterator<DataStruct*, std::vector<DataStruct, std::allocator<DataStruct> > >, __gnu_cxx::__normal_iterator<DataStruct*, std::vector<DataStruct, std::allocator<DataStruct> > >)
 .text._ZN9__gnu_cxxmiIP10DataStructSt6vectorIS1_SaIS1_EEEENS_17__normal_iteratorIT_T0_E15difference_typeERKS9_SC_
                0x0000000008002fd0       0x34 ./Core/Src/main.o
                0x0000000008002fd0                __gnu_cxx::__normal_iterator<DataStruct*, std::vector<DataStruct, std::allocator<DataStruct> > >::difference_type __gnu_cxx::operator-<DataStruct*, std::vector<DataStruct, std::allocator<DataStruct> > >(__gnu_cxx::__normal_iterator<DataStruct*, std::vector<DataStruct, std::allocator<DataStruct> > > const&, __gnu_cxx::__normal_iterator<DataStruct*, std::vector<DataStruct, std::allocator<DataStruct> > > const&)
 .text._ZSt22__uninitialized_move_aIP10DataStructS1_SaIS0_EET0_T_S4_S3_RT1_
                0x0000000008003004       0x32 ./Core/Src/main.o
                0x0000000008003004                DataStruct* std::__uninitialized_move_a<DataStruct*, DataStruct*, std::allocator<DataStruct> >(DataStruct*, DataStruct*, DataStruct*, std::allocator<DataStruct>&)
 .text._ZSt13move_backwardIP10DataStructS1_ET0_T_S3_S2_
                0x0000000008003036       0x30 ./Core/Src/main.o
                0x0000000008003036                DataStruct* std::move_backward<DataStruct*, DataStruct*>(DataStruct*, DataStruct*, DataStruct*)
 .text._ZSt4copyIN9__gnu_cxx17__normal_iteratorIP10DataStructSt6vectorIS2_SaIS2_EEEES7_ET0_T_S9_S8_
                0x0000000008003066       0x30 ./Core/Src/main.o
                0x0000000008003066                __gnu_cxx::__normal_iterator<DataStruct*, std::vector<DataStruct, std::allocator<DataStruct> > > std::copy<__gnu_cxx::__normal_iterator<DataStruct*, std::vector<DataStruct, std::allocator<DataStruct> > >, __gnu_cxx::__normal_iterator<DataStruct*, std::vector<DataStruct, std::allocator<DataStruct> > > >(__gnu_cxx::__normal_iterator<DataStruct*, std::vector<DataStruct, std::allocator<DataStruct> > >, __gnu_cxx::__normal_iterator<DataStruct*, std::vector<DataStruct, std::allocator<DataStruct> > >, __gnu_cxx::__normal_iterator<DataStruct*, std::vector<DataStruct, std::allocator<DataStruct> > >)
 .text._ZSt7advanceIN9__gnu_cxx17__normal_iteratorIP10DataStructSt6vectorIS2_SaIS2_EEEEjEvRT_T0_
                0x0000000008003096       0x26 ./Core/Src/main.o
                0x0000000008003096                void std::advance<__gnu_cxx::__normal_iterator<DataStruct*, std::vector<DataStruct, std::allocator<DataStruct> > >, unsigned int>(__gnu_cxx::__normal_iterator<DataStruct*, std::vector<DataStruct, std::allocator<DataStruct> > >&, unsigned int)
 .text._ZSt22__uninitialized_copy_aIN9__gnu_cxx17__normal_iteratorIP10DataStructSt6vectorIS2_SaIS2_EEEES3_S2_ET0_T_S9_S8_RSaIT1_E
                0x00000000080030bc       0x22 ./Core/Src/main.o
                0x00000000080030bc                DataStruct* std::__uninitialized_copy_a<__gnu_cxx::__normal_iterator<DataStruct*, std::vector<DataStruct, std::allocator<DataStruct> > >, DataStruct*, DataStruct>(__gnu_cxx::__normal_iterator<DataStruct*, std::vector<DataStruct, std::allocator<DataStruct> > >, __gnu_cxx::__normal_iterator<DataStruct*, std::vector<DataStruct, std::allocator<DataStruct> > >, DataStruct*, std::allocator<DataStruct>&)
 .text._ZNKSt6vectorI10DataStructSaIS0_EE12_M_check_lenEjPKc
                0x00000000080030de       0x8e ./Core/Src/main.o
                0x00000000080030de                std::vector<DataStruct, std::allocator<DataStruct> >::_M_check_len(unsigned int, char const*) const
 .text._ZNSt12_Vector_baseI10DataStructSaIS0_EE11_M_allocateEj
                0x000000000800316c       0x28 ./Core/Src/main.o
                0x000000000800316c                std::_Vector_base<DataStruct, std::allocator<DataStruct> >::_M_allocate(unsigned int)
 .text._ZSt34__uninitialized_move_if_noexcept_aIP10DataStructS1_SaIS0_EET0_T_S4_S3_RT1_
                0x0000000008003194       0x32 ./Core/Src/main.o
                0x0000000008003194                DataStruct* std::__uninitialized_move_if_noexcept_a<DataStruct*, DataStruct*, std::allocator<DataStruct> >(DataStruct*, DataStruct*, DataStruct*, std::allocator<DataStruct>&)
 .text._ZNSt6vectorIcSaIcEE11_S_max_sizeERKS0_
                0x00000000080031c6       0x34 ./Core/Src/main.o
                0x00000000080031c6                std::vector<char, std::allocator<char> >::_S_max_size(std::allocator<char> const&)
 .text._ZN9__gnu_cxx13new_allocatorIcE8allocateEjPKv
                0x00000000080031fa       0x38 ./Core/Src/main.o
                0x00000000080031fa                __gnu_cxx::new_allocator<char>::allocate(unsigned int, void const*)
 .text._ZSt12__relocate_aIPcS0_SaIcEET0_T_S3_S2_RT1_
                0x0000000008003232       0x3a ./Core/Src/main.o
                0x0000000008003232                char* std::__relocate_a<char*, char*, std::allocator<char> >(char*, char*, char*, std::allocator<char>&)
 .text._ZNSt13move_iteratorIPcEC2ES0_
                0x000000000800326c       0x1e ./Core/Src/main.o
                0x000000000800326c                std::move_iterator<char*>::move_iterator(char*)
                0x000000000800326c                std::move_iterator<char*>::move_iterator(char*)
 .text._ZSt18uninitialized_copyISt13move_iteratorIPcES1_ET0_T_S4_S3_
                0x000000000800328a       0x24 ./Core/Src/main.o
                0x000000000800328a                char* std::uninitialized_copy<std::move_iterator<char*>, char*>(std::move_iterator<char*>, std::move_iterator<char*>, char*)
 .text._ZSt12__niter_baseIP10DataStructSt6vectorIS0_SaIS0_EEET_N9__gnu_cxx17__normal_iteratorIS5_T0_EE
                0x00000000080032ae       0x1c ./Core/Src/main.o
                0x00000000080032ae                DataStruct* std::__niter_base<DataStruct*, std::vector<DataStruct, std::allocator<DataStruct> > >(__gnu_cxx::__normal_iterator<DataStruct*, std::vector<DataStruct, std::allocator<DataStruct> > >)
 .text._ZSt13__copy_move_aILb1EP10DataStructS1_ET1_T0_S3_S2_
                0x00000000080032ca       0x24 ./Core/Src/main.o
                0x00000000080032ca                DataStruct* std::__copy_move_a<true, DataStruct*, DataStruct*>(DataStruct*, DataStruct*, DataStruct*)
 *fill*         0x00000000080032ee        0x2 
 .text._ZSt12__niter_wrapIN9__gnu_cxx17__normal_iteratorIP10DataStructSt6vectorIS2_SaIS2_EEEES3_ET_S8_T0_
                0x00000000080032f0       0x38 ./Core/Src/main.o
                0x00000000080032f0                __gnu_cxx::__normal_iterator<DataStruct*, std::vector<DataStruct, std::allocator<DataStruct> > > std::__niter_wrap<__gnu_cxx::__normal_iterator<DataStruct*, std::vector<DataStruct, std::allocator<DataStruct> > >, DataStruct*>(__gnu_cxx::__normal_iterator<DataStruct*, std::vector<DataStruct, std::allocator<DataStruct> > >, DataStruct*)
 .text._ZSt4copyIN9__gnu_cxx17__normal_iteratorIPKcSt6vectorIcSaIcEEEEPcET0_T_SA_S9_
                0x0000000008003328       0x30 ./Core/Src/main.o
                0x0000000008003328                char* std::copy<__gnu_cxx::__normal_iterator<char const*, std::vector<char, std::allocator<char> > >, char*>(__gnu_cxx::__normal_iterator<char const*, std::vector<char, std::allocator<char> > >, __gnu_cxx::__normal_iterator<char const*, std::vector<char, std::allocator<char> > >, char*)
 .text._ZSt10__distanceIN9__gnu_cxx17__normal_iteratorIP10DataStructSt6vectorIS2_SaIS2_EEEEENSt15iterator_traitsIT_E15difference_typeES9_S9_St26random_access_iterator_tag
                0x0000000008003358       0x26 ./Core/Src/main.o
                0x0000000008003358                std::iterator_traits<__gnu_cxx::__normal_iterator<DataStruct*, std::vector<DataStruct, std::allocator<DataStruct> > > >::difference_type std::__distance<__gnu_cxx::__normal_iterator<DataStruct*, std::vector<DataStruct, std::allocator<DataStruct> > > >(__gnu_cxx::__normal_iterator<DataStruct*, std::vector<DataStruct, std::allocator<DataStruct> > >, __gnu_cxx::__normal_iterator<DataStruct*, std::vector<DataStruct, std::allocator<DataStruct> > >, std::random_access_iterator_tag)
 .text._ZSt18make_move_iteratorIP10DataStructESt13move_iteratorIT_ES3_
                0x000000000800337e       0x1e ./Core/Src/main.o
                0x000000000800337e                std::move_iterator<DataStruct*> std::make_move_iterator<DataStruct*>(DataStruct*)
 .text._ZSt22__uninitialized_copy_aISt13move_iteratorIP10DataStructES2_S1_ET0_T_S5_S4_RSaIT1_E
                0x000000000800339c       0x22 ./Core/Src/main.o
                0x000000000800339c                DataStruct* std::__uninitialized_copy_a<std::move_iterator<DataStruct*>, DataStruct*, DataStruct>(std::move_iterator<DataStruct*>, std::move_iterator<DataStruct*>, DataStruct*, std::allocator<DataStruct>&)
 .text._ZSt12__miter_baseIP10DataStructET_S2_
                0x00000000080033be       0x16 ./Core/Src/main.o
                0x00000000080033be                DataStruct* std::__miter_base<DataStruct*>(DataStruct*)
 .text._ZSt23__copy_move_backward_a2ILb1EP10DataStructS1_ET1_T0_S3_S2_
                0x00000000080033d4       0x46 ./Core/Src/main.o
                0x00000000080033d4                DataStruct* std::__copy_move_backward_a2<true, DataStruct*, DataStruct*>(DataStruct*, DataStruct*, DataStruct*)
 .text._ZSt14__copy_move_a2ILb0EN9__gnu_cxx17__normal_iteratorIP10DataStructSt6vectorIS2_SaIS2_EEEES7_ET1_T0_S9_S8_
                0x000000000800341a       0x42 ./Core/Src/main.o
                0x000000000800341a                __gnu_cxx::__normal_iterator<DataStruct*, std::vector<DataStruct, std::allocator<DataStruct> > > std::__copy_move_a2<false, __gnu_cxx::__normal_iterator<DataStruct*, std::vector<DataStruct, std::allocator<DataStruct> > >, __gnu_cxx::__normal_iterator<DataStruct*, std::vector<DataStruct, std::allocator<DataStruct> > > >(__gnu_cxx::__normal_iterator<DataStruct*, std::vector<DataStruct, std::allocator<DataStruct> > >, __gnu_cxx::__normal_iterator<DataStruct*, std::vector<DataStruct, std::allocator<DataStruct> > >, __gnu_cxx::__normal_iterator<DataStruct*, std::vector<DataStruct, std::allocator<DataStruct> > >)
 .text._ZSt9__advanceIN9__gnu_cxx17__normal_iteratorIP10DataStructSt6vectorIS2_SaIS2_EEEEiEvRT_T0_St26random_access_iterator_tag
                0x000000000800345c       0x1c ./Core/Src/main.o
                0x000000000800345c                void std::__advance<__gnu_cxx::__normal_iterator<DataStruct*, std::vector<DataStruct, std::allocator<DataStruct> > >, int>(__gnu_cxx::__normal_iterator<DataStruct*, std::vector<DataStruct, std::allocator<DataStruct> > >&, int, std::random_access_iterator_tag)
 .text._ZSt18uninitialized_copyIN9__gnu_cxx17__normal_iteratorIP10DataStructSt6vectorIS2_SaIS2_EEEES3_ET0_T_S9_S8_
                0x0000000008003478       0x24 ./Core/Src/main.o
                0x0000000008003478                DataStruct* std::uninitialized_copy<__gnu_cxx::__normal_iterator<DataStruct*, std::vector<DataStruct, std::allocator<DataStruct> > >, DataStruct*>(__gnu_cxx::__normal_iterator<DataStruct*, std::vector<DataStruct, std::allocator<DataStruct> > >, __gnu_cxx::__normal_iterator<DataStruct*, std::vector<DataStruct, std::allocator<DataStruct> > >, DataStruct*)
 .text._ZNKSt6vectorI10DataStructSaIS0_EE8max_sizeEv
                0x000000000800349c       0x22 ./Core/Src/main.o
                0x000000000800349c                std::vector<DataStruct, std::allocator<DataStruct> >::max_size() const
 .text._ZNSt16allocator_traitsISaI10DataStructEE8allocateERS1_j
                0x00000000080034be       0x1e ./Core/Src/main.o
                0x00000000080034be                std::allocator_traits<std::allocator<DataStruct> >::allocate(std::allocator<DataStruct>&, unsigned int)
 .text._ZSt32__make_move_if_noexcept_iteratorI10DataStructSt13move_iteratorIPS0_EET0_PT_
                0x00000000080034dc       0x1e ./Core/Src/main.o
                0x00000000080034dc                std::move_iterator<DataStruct*> std::__make_move_if_noexcept_iterator<DataStruct, std::move_iterator<DataStruct*> >(DataStruct*)
 .text._ZNSt16allocator_traitsISaIcEE8max_sizeERKS0_
                0x00000000080034fa       0x18 ./Core/Src/main.o
                0x00000000080034fa                std::allocator_traits<std::allocator<char> >::max_size(std::allocator<char> const&)
 .text._ZSt3minIjERKT_S2_S2_
                0x0000000008003512       0x28 ./Core/Src/main.o
                0x0000000008003512                unsigned int const& std::min<unsigned int>(unsigned int const&, unsigned int const&)
 .text._ZNK9__gnu_cxx13new_allocatorIcE8max_sizeEv
                0x000000000800353a       0x18 ./Core/Src/main.o
                0x000000000800353a                __gnu_cxx::new_allocator<char>::max_size() const
 .text._ZSt12__niter_baseIPcET_S1_
                0x0000000008003552       0x16 ./Core/Src/main.o
                0x0000000008003552                char* std::__niter_base<char*>(char*)
 .text._ZSt14__relocate_a_1IccENSt9enable_ifIXsrSt24__is_bitwise_relocatableIT_vE5valueEPS2_E4typeES4_S4_S4_RSaIT0_E
                0x0000000008003568       0x36 ./Core/Src/main.o
                0x0000000008003568                std::enable_if<std::__is_bitwise_relocatable<char, void>::value, char*>::type std::__relocate_a_1<char, char>(char*, char*, char*, std::allocator<char>&)
 .text._ZNSt20__uninitialized_copyILb1EE13__uninit_copyISt13move_iteratorIPcES3_EET0_T_S6_S5_
                0x000000000800359e       0x20 ./Core/Src/main.o
                0x000000000800359e                char* std::__uninitialized_copy<true>::__uninit_copy<std::move_iterator<char*>, char*>(std::move_iterator<char*>, std::move_iterator<char*>, char*)
 *fill*         0x00000000080035be        0x2 
 .text._ZNSt11__copy_moveILb1ELb1ESt26random_access_iterator_tagE8__copy_mI10DataStructEEPT_PKS4_S7_S5_
                0x00000000080035c0       0x54 ./Core/Src/main.o
                0x00000000080035c0                DataStruct* std::__copy_move<true, true, std::random_access_iterator_tag>::__copy_m<DataStruct>(DataStruct const*, DataStruct const*, DataStruct*)
 .text._ZSt12__miter_baseIN9__gnu_cxx17__normal_iteratorIPKcSt6vectorIcSaIcEEEEET_S8_
                0x0000000008003614       0x16 ./Core/Src/main.o
                0x0000000008003614                __gnu_cxx::__normal_iterator<char const*, std::vector<char, std::allocator<char> > > std::__miter_base<__gnu_cxx::__normal_iterator<char const*, std::vector<char, std::allocator<char> > > >(__gnu_cxx::__normal_iterator<char const*, std::vector<char, std::allocator<char> > >)
 .text._ZSt14__copy_move_a2ILb0EN9__gnu_cxx17__normal_iteratorIPKcSt6vectorIcSaIcEEEEPcET1_T0_SA_S9_
                0x000000000800362a       0x46 ./Core/Src/main.o
                0x000000000800362a                char* std::__copy_move_a2<false, __gnu_cxx::__normal_iterator<char const*, std::vector<char, std::allocator<char> > >, char*>(__gnu_cxx::__normal_iterator<char const*, std::vector<char, std::allocator<char> > >, __gnu_cxx::__normal_iterator<char const*, std::vector<char, std::allocator<char> > >, char*)
 .text._ZNSt13move_iteratorIP10DataStructEC2ES1_
                0x0000000008003670       0x1e ./Core/Src/main.o
                0x0000000008003670                std::move_iterator<DataStruct*>::move_iterator(DataStruct*)
                0x0000000008003670                std::move_iterator<DataStruct*>::move_iterator(DataStruct*)
 .text._ZSt18uninitialized_copyISt13move_iteratorIP10DataStructES2_ET0_T_S5_S4_
                0x000000000800368e       0x24 ./Core/Src/main.o
                0x000000000800368e                DataStruct* std::uninitialized_copy<std::move_iterator<DataStruct*>, DataStruct*>(std::move_iterator<DataStruct*>, std::move_iterator<DataStruct*>, DataStruct*)
 .text._ZSt12__niter_baseIP10DataStructET_S2_
                0x00000000080036b2       0x16 ./Core/Src/main.o
                0x00000000080036b2                DataStruct* std::__niter_base<DataStruct*>(DataStruct*)
 .text._ZSt22__copy_move_backward_aILb1EP10DataStructS1_ET1_T0_S3_S2_
                0x00000000080036c8       0x24 ./Core/Src/main.o
                0x00000000080036c8                DataStruct* std::__copy_move_backward_a<true, DataStruct*, DataStruct*>(DataStruct*, DataStruct*, DataStruct*)
 .text._ZSt12__niter_wrapIP10DataStructET_RKS2_S2_
                0x00000000080036ec       0x18 ./Core/Src/main.o
                0x00000000080036ec                DataStruct* std::__niter_wrap<DataStruct*>(DataStruct* const&, DataStruct*)
 .text._ZSt13__copy_move_aILb0EP10DataStructS1_ET1_T0_S3_S2_
                0x0000000008003704       0x24 ./Core/Src/main.o
                0x0000000008003704                DataStruct* std::__copy_move_a<false, DataStruct*, DataStruct*>(DataStruct*, DataStruct*, DataStruct*)
 .text._ZN9__gnu_cxx17__normal_iteratorIP10DataStructSt6vectorIS1_SaIS1_EEEpLEi
                0x0000000008003728       0x2c ./Core/Src/main.o
                0x0000000008003728                __gnu_cxx::__normal_iterator<DataStruct*, std::vector<DataStruct, std::allocator<DataStruct> > >::operator+=(int)
 .text._ZNSt20__uninitialized_copyILb1EE13__uninit_copyIN9__gnu_cxx17__normal_iteratorIP10DataStructSt6vectorIS4_SaIS4_EEEES5_EET0_T_SB_SA_
                0x0000000008003754       0x20 ./Core/Src/main.o
                0x0000000008003754                DataStruct* std::__uninitialized_copy<true>::__uninit_copy<__gnu_cxx::__normal_iterator<DataStruct*, std::vector<DataStruct, std::allocator<DataStruct> > >, DataStruct*>(__gnu_cxx::__normal_iterator<DataStruct*, std::vector<DataStruct, std::allocator<DataStruct> > >, __gnu_cxx::__normal_iterator<DataStruct*, std::vector<DataStruct, std::allocator<DataStruct> > >, DataStruct*)
 .text._ZNSt6vectorI10DataStructSaIS0_EE11_S_max_sizeERKS1_
                0x0000000008003774       0x38 ./Core/Src/main.o
                0x0000000008003774                std::vector<DataStruct, std::allocator<DataStruct> >::_S_max_size(std::allocator<DataStruct> const&)
 .text._ZNKSt12_Vector_baseI10DataStructSaIS0_EE19_M_get_Tp_allocatorEv
                0x00000000080037ac       0x16 ./Core/Src/main.o
                0x00000000080037ac                std::_Vector_base<DataStruct, std::allocator<DataStruct> >::_M_get_Tp_allocator() const
 .text._ZN9__gnu_cxx13new_allocatorI10DataStructE8allocateEjPKv
                0x00000000080037c2       0x42 ./Core/Src/main.o
                0x00000000080037c2                __gnu_cxx::new_allocator<DataStruct>::allocate(unsigned int, void const*)
 .text._ZSt4copyISt13move_iteratorIPcES1_ET0_T_S4_S3_
                0x0000000008003804       0x30 ./Core/Src/main.o
                0x0000000008003804                char* std::copy<std::move_iterator<char*>, char*>(std::move_iterator<char*>, std::move_iterator<char*>, char*)
 .text._ZSt12__niter_baseIPKcSt6vectorIcSaIcEEET_N9__gnu_cxx17__normal_iteratorIS5_T0_EE
                0x0000000008003834       0x1c ./Core/Src/main.o
                0x0000000008003834                char const* std::__niter_base<char const*, std::vector<char, std::allocator<char> > >(__gnu_cxx::__normal_iterator<char const*, std::vector<char, std::allocator<char> > >)
 .text._ZSt13__copy_move_aILb0EPKcPcET1_T0_S4_S3_
                0x0000000008003850       0x24 ./Core/Src/main.o
                0x0000000008003850                char* std::__copy_move_a<false, char const*, char*>(char const*, char const*, char*)
 .text._ZSt12__niter_wrapIPcET_RKS1_S1_
                0x0000000008003874       0x18 ./Core/Src/main.o
                0x0000000008003874                char* std::__niter_wrap<char*>(char* const&, char*)
 .text._ZNSt20__uninitialized_copyILb1EE13__uninit_copyISt13move_iteratorIP10DataStructES4_EET0_T_S7_S6_
                0x000000000800388c       0x20 ./Core/Src/main.o
                0x000000000800388c                DataStruct* std::__uninitialized_copy<true>::__uninit_copy<std::move_iterator<DataStruct*>, DataStruct*>(std::move_iterator<DataStruct*>, std::move_iterator<DataStruct*>, DataStruct*)
 .text._ZNSt20__copy_move_backwardILb1ELb1ESt26random_access_iterator_tagE13__copy_move_bI10DataStructEEPT_PKS4_S7_S5_
                0x00000000080038ac       0x60 ./Core/Src/main.o
                0x00000000080038ac                DataStruct* std::__copy_move_backward<true, true, std::random_access_iterator_tag>::__copy_move_b<DataStruct>(DataStruct const*, DataStruct const*, DataStruct*)
 .text._ZNSt11__copy_moveILb0ELb1ESt26random_access_iterator_tagE8__copy_mI10DataStructEEPT_PKS4_S7_S5_
                0x000000000800390c       0x54 ./Core/Src/main.o
                0x000000000800390c                DataStruct* std::__copy_move<false, true, std::random_access_iterator_tag>::__copy_m<DataStruct>(DataStruct const*, DataStruct const*, DataStruct*)
 .text._ZSt4copyIN9__gnu_cxx17__normal_iteratorIP10DataStructSt6vectorIS2_SaIS2_EEEES3_ET0_T_S9_S8_
                0x0000000008003960       0x30 ./Core/Src/main.o
                0x0000000008003960                DataStruct* std::copy<__gnu_cxx::__normal_iterator<DataStruct*, std::vector<DataStruct, std::allocator<DataStruct> > >, DataStruct*>(__gnu_cxx::__normal_iterator<DataStruct*, std::vector<DataStruct, std::allocator<DataStruct> > >, __gnu_cxx::__normal_iterator<DataStruct*, std::vector<DataStruct, std::allocator<DataStruct> > >, DataStruct*)
 .text._ZNSt16allocator_traitsISaI10DataStructEE8max_sizeERKS1_
                0x0000000008003990       0x18 ./Core/Src/main.o
                0x0000000008003990                std::allocator_traits<std::allocator<DataStruct> >::max_size(std::allocator<DataStruct> const&)
 .text._ZNK9__gnu_cxx13new_allocatorI10DataStructE8max_sizeEv
                0x00000000080039a8       0x1c ./Core/Src/main.o
                0x00000000080039a8                __gnu_cxx::new_allocator<DataStruct>::max_size() const
 .text._ZSt12__miter_baseIPcEDTcl12__miter_basecldtfp_4baseEEESt13move_iteratorIT_E
                0x00000000080039c4       0x22 ./Core/Src/main.o
                0x00000000080039c4                decltype (__miter_base(({parm#1}.base)())) std::__miter_base<char*>(std::move_iterator<char*>)
 .text._ZSt14__copy_move_a2ILb1EPcS0_ET1_T0_S2_S1_
                0x00000000080039e6       0x46 ./Core/Src/main.o
                0x00000000080039e6                char* std::__copy_move_a2<true, char*, char*>(char*, char*, char*)
 .text._ZNK9__gnu_cxx17__normal_iteratorIPKcSt6vectorIcSaIcEEE4baseEv
                0x0000000008003a2c       0x16 ./Core/Src/main.o
                0x0000000008003a2c                __gnu_cxx::__normal_iterator<char const*, std::vector<char, std::allocator<char> > >::base() const
 .text._ZNSt11__copy_moveILb0ELb1ESt26random_access_iterator_tagE8__copy_mIcEEPT_PKS3_S6_S4_
                0x0000000008003a42       0x34 ./Core/Src/main.o
                0x0000000008003a42                char* std::__copy_move<false, true, std::random_access_iterator_tag>::__copy_m<char>(char const*, char const*, char*)
 .text._ZSt4copyISt13move_iteratorIP10DataStructES2_ET0_T_S5_S4_
                0x0000000008003a76       0x30 ./Core/Src/main.o
                0x0000000008003a76                DataStruct* std::copy<std::move_iterator<DataStruct*>, DataStruct*>(std::move_iterator<DataStruct*>, std::move_iterator<DataStruct*>, DataStruct*)
 .text._ZSt14__copy_move_a2ILb0EN9__gnu_cxx17__normal_iteratorIP10DataStructSt6vectorIS2_SaIS2_EEEES3_ET1_T0_S9_S8_
                0x0000000008003aa6       0x46 ./Core/Src/main.o
                0x0000000008003aa6                DataStruct* std::__copy_move_a2<false, __gnu_cxx::__normal_iterator<DataStruct*, std::vector<DataStruct, std::allocator<DataStruct> > >, DataStruct*>(__gnu_cxx::__normal_iterator<DataStruct*, std::vector<DataStruct, std::allocator<DataStruct> > >, __gnu_cxx::__normal_iterator<DataStruct*, std::vector<DataStruct, std::allocator<DataStruct> > >, DataStruct*)
 .text._ZNKSt13move_iteratorIPcE4baseEv
                0x0000000008003aec       0x18 ./Core/Src/main.o
                0x0000000008003aec                std::move_iterator<char*>::base() const
 .text._ZSt12__miter_baseIPcET_S1_
                0x0000000008003b04       0x16 ./Core/Src/main.o
                0x0000000008003b04                char* std::__miter_base<char*>(char*)
 .text._ZSt13__copy_move_aILb1EPcS0_ET1_T0_S2_S1_
                0x0000000008003b1a       0x24 ./Core/Src/main.o
                0x0000000008003b1a                char* std::__copy_move_a<true, char*, char*>(char*, char*, char*)
 .text._ZSt12__miter_baseIP10DataStructEDTcl12__miter_basecldtfp_4baseEEESt13move_iteratorIT_E
                0x0000000008003b3e       0x22 ./Core/Src/main.o
                0x0000000008003b3e                decltype (__miter_base(({parm#1}.base)())) std::__miter_base<DataStruct*>(std::move_iterator<DataStruct*>)
 .text._ZSt14__copy_move_a2ILb1EP10DataStructS1_ET1_T0_S3_S2_
                0x0000000008003b60       0x46 ./Core/Src/main.o
                0x0000000008003b60                DataStruct* std::__copy_move_a2<true, DataStruct*, DataStruct*>(DataStruct*, DataStruct*, DataStruct*)
 .text._ZNSt11__copy_moveILb1ELb1ESt26random_access_iterator_tagE8__copy_mIcEEPT_PKS3_S6_S4_
                0x0000000008003ba6       0x34 ./Core/Src/main.o
                0x0000000008003ba6                char* std::__copy_move<true, true, std::random_access_iterator_tag>::__copy_m<char>(char const*, char const*, char*)
 .text._ZNKSt13move_iteratorIP10DataStructE4baseEv
                0x0000000008003bda       0x18 ./Core/Src/main.o
                0x0000000008003bda                std::move_iterator<DataStruct*>::base() const
 *fill*         0x0000000008003bf2        0x2 
 .text._Z41__static_initialization_and_destruction_0ii
                0x0000000008003bf4       0x54 ./Core/Src/main.o
 .text._GLOBAL__sub_I_hadc1
                0x0000000008003c48       0x10 ./Core/Src/main.o
 .text._GLOBAL__sub_D_hadc1
                0x0000000008003c58       0x10 ./Core/Src/main.o
 .text._Z14stepDirectMovem
                0x0000000008003c68       0xc0 ./Core/Src/motorDriver.o
                0x0000000008003c68                stepDirectMove(unsigned long)
 .text._Z8turnLeftv
                0x0000000008003d28       0xc0 ./Core/Src/motorDriver.o
                0x0000000008003d28                turnLeft()
 .text._Z9turnRightv
                0x0000000008003de8       0xc0 ./Core/Src/motorDriver.o
                0x0000000008003de8                turnRight()
 .text._Z8turnBackv
                0x0000000008003ea8       0xc0 ./Core/Src/motorDriver.o
                0x0000000008003ea8                turnBack()
 .text._Z8moveBackv
                0x0000000008003f68       0xc0 ./Core/Src/motorDriver.o
                0x0000000008003f68                moveBack()
 .text._Z9parseDataSt6vectorIcSaIcEE
                0x0000000008004028      0x122 ./Core/Src/parseDataCommand.o
                0x0000000008004028                parseData(std::vector<char, std::allocator<char> >)
 .text._ZNSt6vectorIcSaIcEE2atEj
                0x000000000800414a       0x24 ./Core/Src/parseDataCommand.o
                0x000000000800414a                std::vector<char, std::allocator<char> >::at(unsigned int)
 .text._ZNSt6vectorI10DataStructSaIS0_EE9push_backERKS0_
                0x000000000800416e       0x4c ./Core/Src/parseDataCommand.o
                0x000000000800416e                std::vector<DataStruct, std::allocator<DataStruct> >::push_back(DataStruct const&)
 *fill*         0x00000000080041ba        0x2 
 .text._ZNKSt6vectorIcSaIcEE14_M_range_checkEj
                0x00000000080041bc       0x40 ./Core/Src/parseDataCommand.o
                0x00000000080041bc                std::vector<char, std::allocator<char> >::_M_range_check(unsigned int) const
 .text._ZNSt6vectorIcSaIcEEixEj
                0x00000000080041fc       0x1e ./Core/Src/parseDataCommand.o
                0x00000000080041fc                std::vector<char, std::allocator<char> >::operator[](unsigned int)
 .text._ZNSt16allocator_traitsISaI10DataStructEE9constructIS0_JRKS0_EEEvRS1_PT_DpOT0_
                0x000000000800421a       0x26 ./Core/Src/parseDataCommand.o
                0x000000000800421a                void std::allocator_traits<std::allocator<DataStruct> >::construct<DataStruct, DataStruct const&>(std::allocator<DataStruct>&, DataStruct*, DataStruct const&)
 .text._ZNSt6vectorI10DataStructSaIS0_EE15_S_use_relocateEv
                0x0000000008004240       0x16 ./Core/Src/parseDataCommand.o
                0x0000000008004240                std::vector<DataStruct, std::allocator<DataStruct> >::_S_use_relocate()
 .text._ZNSt6vectorI10DataStructSaIS0_EE19_S_nothrow_relocateESt17integral_constantIbLb1EE
                0x0000000008004256       0x16 ./Core/Src/parseDataCommand.o
                0x0000000008004256                std::vector<DataStruct, std::allocator<DataStruct> >::_S_nothrow_relocate(std::integral_constant<bool, true>)
 .text._ZNSt6vectorI10DataStructSaIS0_EE17_M_realloc_insertIJRKS0_EEEvN9__gnu_cxx17__normal_iteratorIPS0_S2_EEDpOT_
                0x000000000800426c      0x190 ./Core/Src/parseDataCommand.o
                0x000000000800426c                void std::vector<DataStruct, std::allocator<DataStruct> >::_M_realloc_insert<DataStruct const&>(__gnu_cxx::__normal_iterator<DataStruct*, std::vector<DataStruct, std::allocator<DataStruct> > >, DataStruct const&)
 .text._ZSt7forwardIRK10DataStructEOT_RNSt16remove_referenceIS3_E4typeE
                0x00000000080043fc       0x16 ./Core/Src/parseDataCommand.o
                0x00000000080043fc                DataStruct const& std::forward<DataStruct const&>(std::remove_reference<DataStruct const&>::type&)
 .text._ZN9__gnu_cxx13new_allocatorI10DataStructE9constructIS1_JRKS1_EEEvPT_DpOT0_
                0x0000000008004412       0x32 ./Core/Src/parseDataCommand.o
                0x0000000008004412                void __gnu_cxx::new_allocator<DataStruct>::construct<DataStruct, DataStruct const&>(DataStruct*, DataStruct const&)
 .text._ZNSt6vectorI10DataStructSaIS0_EE11_S_relocateEPS0_S3_S3_RS1_
                0x0000000008004444       0x28 ./Core/Src/parseDataCommand.o
                0x0000000008004444                std::vector<DataStruct, std::allocator<DataStruct> >::_S_relocate(DataStruct*, DataStruct*, DataStruct*, std::allocator<DataStruct>&)
 .text._ZNSt6vectorI10DataStructSaIS0_EE14_S_do_relocateEPS0_S3_S3_RS1_St17integral_constantIbLb1EE
                0x000000000800446c       0x24 ./Core/Src/parseDataCommand.o
                0x000000000800446c                std::vector<DataStruct, std::allocator<DataStruct> >::_S_do_relocate(DataStruct*, DataStruct*, DataStruct*, std::allocator<DataStruct>&, std::integral_constant<bool, true>)
 .text._ZSt12__relocate_aIP10DataStructS1_SaIS0_EET0_T_S4_S3_RT1_
                0x0000000008004490       0x3a ./Core/Src/parseDataCommand.o
                0x0000000008004490                DataStruct* std::__relocate_a<DataStruct*, DataStruct*, std::allocator<DataStruct> >(DataStruct*, DataStruct*, DataStruct*, std::allocator<DataStruct>&)
 *fill*         0x00000000080044ca        0x2 
 .text._ZSt14__relocate_a_1I10DataStructS0_ENSt9enable_ifIXsrSt24__is_bitwise_relocatableIT_vE5valueEPS3_E4typeES5_S5_S5_RSaIT0_E
                0x00000000080044cc       0x54 ./Core/Src/parseDataCommand.o
                0x00000000080044cc                std::enable_if<std::__is_bitwise_relocatable<DataStruct, void>::value, DataStruct*>::type std::__relocate_a_1<DataStruct, DataStruct>(DataStruct*, DataStruct*, DataStruct*, std::allocator<DataStruct>&)
 .text.HAL_MspInit
                0x0000000008004520       0x58 ./Core/Src/stm32f4xx_hal_msp.o
                0x0000000008004520                HAL_MspInit
 .text.HAL_ADC_MspInit
                0x0000000008004578       0x88 ./Core/Src/stm32f4xx_hal_msp.o
                0x0000000008004578                HAL_ADC_MspInit
 .text.HAL_I2C_MspInit
                0x0000000008004600       0x90 ./Core/Src/stm32f4xx_hal_msp.o
                0x0000000008004600                HAL_I2C_MspInit
 .text.HAL_TIM_Base_MspInit
                0x0000000008004690      0x124 ./Core/Src/stm32f4xx_hal_msp.o
                0x0000000008004690                HAL_TIM_Base_MspInit
 .text.HAL_TIM_MspPostInit
                0x00000000080047b4       0xc4 ./Core/Src/stm32f4xx_hal_msp.o
                0x00000000080047b4                HAL_TIM_MspPostInit
 .text.HAL_UART_MspInit
                0x0000000008004878       0xa0 ./Core/Src/stm32f4xx_hal_msp.o
                0x0000000008004878                HAL_UART_MspInit
 .text.HAL_InitTick
                0x0000000008004918       0xb4 ./Core/Src/stm32f4xx_hal_timebase_tim.o
                0x0000000008004918                HAL_InitTick
 .text.NMI_Handler
                0x00000000080049cc       0x1c ./Core/Src/stm32f4xx_it.o
                0x00000000080049cc                NMI_Handler
 .text.HardFault_Handler
                0x00000000080049e8       0x1c ./Core/Src/stm32f4xx_it.o
                0x00000000080049e8                HardFault_Handler
 .text.MemManage_Handler
                0x0000000008004a04       0x1c ./Core/Src/stm32f4xx_it.o
                0x0000000008004a04                MemManage_Handler
 .text.BusFault_Handler
                0x0000000008004a20       0x1c ./Core/Src/stm32f4xx_it.o
                0x0000000008004a20                BusFault_Handler
 .text.UsageFault_Handler
                0x0000000008004a3c       0x1c ./Core/Src/stm32f4xx_it.o
                0x0000000008004a3c                UsageFault_Handler
 .text.DebugMon_Handler
                0x0000000008004a58        0xe ./Core/Src/stm32f4xx_it.o
                0x0000000008004a58                DebugMon_Handler
 *fill*         0x0000000008004a66        0x2 
 .text.TIM1_TRG_COM_TIM11_IRQHandler
                0x0000000008004a68       0x14 ./Core/Src/stm32f4xx_it.o
                0x0000000008004a68                TIM1_TRG_COM_TIM11_IRQHandler
 .text.TIM8_TRG_COM_TIM14_IRQHandler
                0x0000000008004a7c       0x14 ./Core/Src/stm32f4xx_it.o
                0x0000000008004a7c                TIM8_TRG_COM_TIM14_IRQHandler
 .text.UART4_IRQHandler
                0x0000000008004a90       0x14 ./Core/Src/stm32f4xx_it.o
                0x0000000008004a90                UART4_IRQHandler
 .text._getpid  0x0000000008004aa4       0x10 ./Core/Src/syscalls.o
                0x0000000008004aa4                _getpid
 .text._kill    0x0000000008004ab4       0x20 ./Core/Src/syscalls.o
                0x0000000008004ab4                _kill
 .text._exit    0x0000000008004ad4       0x14 ./Core/Src/syscalls.o
                0x0000000008004ad4                _exit
 .text._sbrk    0x0000000008004ae8       0x6c ./Core/Src/sysmem.o
                0x0000000008004ae8                _sbrk
 .text.SystemInit
                0x0000000008004b54       0x24 ./Core/Src/system_stm32f4xx.o
                0x0000000008004b54                SystemInit
 .text._Z15checkEmptyFrameSt6vectorIcSaIcEE
                0x0000000008004b78       0x2c ./Core/Src/validateDataFrame.o
                0x0000000008004b78                checkEmptyFrame(std::vector<char, std::allocator<char> >)
 .text._Z14checkFrameHeadSt6vectorIcSaIcEE
                0x0000000008004ba4       0x52 ./Core/Src/validateDataFrame.o
                0x0000000008004ba4                checkFrameHead(std::vector<char, std::allocator<char> >)
 *fill*         0x0000000008004bf6        0x2 
 .text._Z10checkAgvIdSt6vectorIcSaIcEE
                0x0000000008004bf8       0x58 ./Core/Src/validateDataFrame.o
                0x0000000008004bf8                checkAgvId(std::vector<char, std::allocator<char> >)
 .text._Z16checkFrameLengthSt6vectorIcSaIcEE
                0x0000000008004c50       0x62 ./Core/Src/validateDataFrame.o
                0x0000000008004c50                checkFrameLength(std::vector<char, std::allocator<char> >)
 .text._Z14checkDataFrameSt6vectorIcSaIcEE
                0x0000000008004cb2       0xe0 ./Core/Src/validateDataFrame.o
                0x0000000008004cb2                checkDataFrame(std::vector<char, std::allocator<char> >)
 *fill*         0x0000000008004d92        0x2 
 .text.Reset_Handler
                0x0000000008004d94       0x50 ./Core/Startup/startup_stm32f407vetx.o
                0x0000000008004d94                Reset_Handler
 .text.Default_Handler
                0x0000000008004de4        0x2 ./Core/Startup/startup_stm32f407vetx.o
                0x0000000008004de4                DMA1_Stream3_IRQHandler
                0x0000000008004de4                HASH_RNG_IRQHandler
                0x0000000008004de4                EXTI2_IRQHandler
                0x0000000008004de4                TIM8_CC_IRQHandler
                0x0000000008004de4                TIM1_CC_IRQHandler
                0x0000000008004de4                DMA2_Stream5_IRQHandler
                0x0000000008004de4                DMA1_Stream5_IRQHandler
                0x0000000008004de4                PVD_IRQHandler
                0x0000000008004de4                SDIO_IRQHandler
                0x0000000008004de4                TAMP_STAMP_IRQHandler
                0x0000000008004de4                CAN2_RX1_IRQHandler
                0x0000000008004de4                EXTI3_IRQHandler
                0x0000000008004de4                TIM1_UP_TIM10_IRQHandler
                0x0000000008004de4                TIM8_UP_TIM13_IRQHandler
                0x0000000008004de4                I2C3_ER_IRQHandler
                0x0000000008004de4                EXTI0_IRQHandler
                0x0000000008004de4                I2C2_EV_IRQHandler
                0x0000000008004de4                DMA1_Stream2_IRQHandler
                0x0000000008004de4                CAN1_RX0_IRQHandler
                0x0000000008004de4                FPU_IRQHandler
                0x0000000008004de4                OTG_HS_WKUP_IRQHandler
                0x0000000008004de4                CAN2_SCE_IRQHandler
                0x0000000008004de4                DMA2_Stream2_IRQHandler
                0x0000000008004de4                SPI1_IRQHandler
                0x0000000008004de4                TIM6_DAC_IRQHandler
                0x0000000008004de4                TIM1_BRK_TIM9_IRQHandler
                0x0000000008004de4                DCMI_IRQHandler
                0x0000000008004de4                CAN2_RX0_IRQHandler
                0x0000000008004de4                DMA2_Stream3_IRQHandler
                0x0000000008004de4                USART6_IRQHandler
                0x0000000008004de4                USART3_IRQHandler
                0x0000000008004de4                CAN1_RX1_IRQHandler
                0x0000000008004de4                UART5_IRQHandler
                0x0000000008004de4                DMA2_Stream0_IRQHandler
                0x0000000008004de4                TIM4_IRQHandler
                0x0000000008004de4                I2C1_EV_IRQHandler
                0x0000000008004de4                DMA1_Stream6_IRQHandler
                0x0000000008004de4                DMA1_Stream1_IRQHandler
                0x0000000008004de4                TIM3_IRQHandler
                0x0000000008004de4                RCC_IRQHandler
                0x0000000008004de4                TIM8_BRK_TIM12_IRQHandler
                0x0000000008004de4                Default_Handler
                0x0000000008004de4                EXTI15_10_IRQHandler
                0x0000000008004de4                ADC_IRQHandler
                0x0000000008004de4                DMA1_Stream7_IRQHandler
                0x0000000008004de4                TIM7_IRQHandler
                0x0000000008004de4                CAN2_TX_IRQHandler
                0x0000000008004de4                TIM5_IRQHandler
                0x0000000008004de4                DMA2_Stream7_IRQHandler
                0x0000000008004de4                I2C3_EV_IRQHandler
                0x0000000008004de4                EXTI9_5_IRQHandler
                0x0000000008004de4                RTC_WKUP_IRQHandler
                0x0000000008004de4                ETH_WKUP_IRQHandler
                0x0000000008004de4                SPI2_IRQHandler
                0x0000000008004de4                OTG_HS_EP1_IN_IRQHandler
                0x0000000008004de4                DMA1_Stream0_IRQHandler
                0x0000000008004de4                CAN1_TX_IRQHandler
                0x0000000008004de4                EXTI4_IRQHandler
                0x0000000008004de4                FSMC_IRQHandler
                0x0000000008004de4                ETH_IRQHandler
                0x0000000008004de4                OTG_HS_EP1_OUT_IRQHandler
                0x0000000008004de4                WWDG_IRQHandler
                0x0000000008004de4                TIM2_IRQHandler
                0x0000000008004de4                OTG_FS_WKUP_IRQHandler
                0x0000000008004de4                OTG_HS_IRQHandler
                0x0000000008004de4                EXTI1_IRQHandler
                0x0000000008004de4                USART2_IRQHandler
                0x0000000008004de4                I2C2_ER_IRQHandler
                0x0000000008004de4                DMA2_Stream1_IRQHandler
                0x0000000008004de4                CAN1_SCE_IRQHandler
                0x0000000008004de4                FLASH_IRQHandler
                0x0000000008004de4                DMA2_Stream4_IRQHandler
                0x0000000008004de4                USART1_IRQHandler
                0x0000000008004de4                OTG_FS_IRQHandler
                0x0000000008004de4                SPI3_IRQHandler
                0x0000000008004de4                DMA1_Stream4_IRQHandler
                0x0000000008004de4                I2C1_ER_IRQHandler
                0x0000000008004de4                DMA2_Stream6_IRQHandler
                0x0000000008004de4                RTC_Alarm_IRQHandler
 *fill*         0x0000000008004de6        0x2 
 .text.HAL_Init
                0x0000000008004de8       0x44 ./Drivers/STM32F4xx_HAL_Driver/Src/stm32f4xx_hal.o
                0x0000000008004de8                HAL_Init
 .text.HAL_IncTick